Archive member included to satisfy reference by file (symbol)

c:/st/stm32cubeide_1.4.0/stm32cubeide/plugins/com.st.stm32cube.ide.mcu.externaltools.gnu-tools-for-stm32.7-2018-q2-update.win32_1.4.0.202007081208/tools/bin/../lib/gcc/arm-none-eabi/7.3.1/../../../../arm-none-eabi/lib/thumb/v7-m\libc_nano.a(lib_a-errno.o)
                              Core/Src/syscalls.o (__errno)
c:/st/stm32cubeide_1.4.0/stm32cubeide/plugins/com.st.stm32cube.ide.mcu.externaltools.gnu-tools-for-stm32.7-2018-q2-update.win32_1.4.0.202007081208/tools/bin/../lib/gcc/arm-none-eabi/7.3.1/../../../../arm-none-eabi/lib/thumb/v7-m\libc_nano.a(lib_a-exit.o)
                              c:/st/stm32cubeide_1.4.0/stm32cubeide/plugins/com.st.stm32cube.ide.mcu.externaltools.gnu-tools-for-stm32.7-2018-q2-update.win32_1.4.0.202007081208/tools/bin/../lib/gcc/arm-none-eabi/7.3.1/../../../../arm-none-eabi/lib/thumb/v7-m/crt0.o (exit)
c:/st/stm32cubeide_1.4.0/stm32cubeide/plugins/com.st.stm32cube.ide.mcu.externaltools.gnu-tools-for-stm32.7-2018-q2-update.win32_1.4.0.202007081208/tools/bin/../lib/gcc/arm-none-eabi/7.3.1/../../../../arm-none-eabi/lib/thumb/v7-m\libc_nano.a(lib_a-impure.o)
                              c:/st/stm32cubeide_1.4.0/stm32cubeide/plugins/com.st.stm32cube.ide.mcu.externaltools.gnu-tools-for-stm32.7-2018-q2-update.win32_1.4.0.202007081208/tools/bin/../lib/gcc/arm-none-eabi/7.3.1/../../../../arm-none-eabi/lib/thumb/v7-m\libc_nano.a(lib_a-exit.o) (_global_impure_ptr)
c:/st/stm32cubeide_1.4.0/stm32cubeide/plugins/com.st.stm32cube.ide.mcu.externaltools.gnu-tools-for-stm32.7-2018-q2-update.win32_1.4.0.202007081208/tools/bin/../lib/gcc/arm-none-eabi/7.3.1/../../../../arm-none-eabi/lib/thumb/v7-m\libc_nano.a(lib_a-init.o)
                              c:/st/stm32cubeide_1.4.0/stm32cubeide/plugins/com.st.stm32cube.ide.mcu.externaltools.gnu-tools-for-stm32.7-2018-q2-update.win32_1.4.0.202007081208/tools/bin/../lib/gcc/arm-none-eabi/7.3.1/../../../../arm-none-eabi/lib/thumb/v7-m/crt0.o (__libc_init_array)
c:/st/stm32cubeide_1.4.0/stm32cubeide/plugins/com.st.stm32cube.ide.mcu.externaltools.gnu-tools-for-stm32.7-2018-q2-update.win32_1.4.0.202007081208/tools/bin/../lib/gcc/arm-none-eabi/7.3.1/../../../../arm-none-eabi/lib/thumb/v7-m\libc_nano.a(lib_a-memset.o)
                              c:/st/stm32cubeide_1.4.0/stm32cubeide/plugins/com.st.stm32cube.ide.mcu.externaltools.gnu-tools-for-stm32.7-2018-q2-update.win32_1.4.0.202007081208/tools/bin/../lib/gcc/arm-none-eabi/7.3.1/../../../../arm-none-eabi/lib/thumb/v7-m/crt0.o (memset)

Allocating common symbols
Common symbol       size              file

hUsbDeviceFS        0x2c4             USB_DEVICE/App/usb_device.o
hi2c2               0x54              Core/Src/main.o
uwTick              0x4               Drivers/STM32F1xx_HAL_Driver/Src/stm32f1xx_hal.o
pFlash              0x20              Drivers/STM32F1xx_HAL_Driver/Src/stm32f1xx_hal_flash.o
UserRxBufferFS      0x3e8             USB_DEVICE/App/usbd_cdc_if.o
CDC_Receive_msg     0x4               USB_DEVICE/App/usbd_cdc_if.o
UserTxBufferFS      0x3e8             USB_DEVICE/App/usbd_cdc_if.o
hrtc                0x14              Core/Src/main.o
hpcd_USB_FS         0x2ec             USB_DEVICE/Target/usbd_conf.o
USBD_StrDesc        0x200             USB_DEVICE/App/usbd_desc.o

Discarded input sections

 .text          0x0000000000000000        0x0 c:/st/stm32cubeide_1.4.0/stm32cubeide/plugins/com.st.stm32cube.ide.mcu.externaltools.gnu-tools-for-stm32.7-2018-q2-update.win32_1.4.0.202007081208/tools/bin/../lib/gcc/arm-none-eabi/7.3.1/thumb/v7-m/crti.o
 .data          0x0000000000000000        0x0 c:/st/stm32cubeide_1.4.0/stm32cubeide/plugins/com.st.stm32cube.ide.mcu.externaltools.gnu-tools-for-stm32.7-2018-q2-update.win32_1.4.0.202007081208/tools/bin/../lib/gcc/arm-none-eabi/7.3.1/thumb/v7-m/crti.o
 .bss           0x0000000000000000        0x0 c:/st/stm32cubeide_1.4.0/stm32cubeide/plugins/com.st.stm32cube.ide.mcu.externaltools.gnu-tools-for-stm32.7-2018-q2-update.win32_1.4.0.202007081208/tools/bin/../lib/gcc/arm-none-eabi/7.3.1/thumb/v7-m/crti.o
 .data          0x0000000000000000        0x4 c:/st/stm32cubeide_1.4.0/stm32cubeide/plugins/com.st.stm32cube.ide.mcu.externaltools.gnu-tools-for-stm32.7-2018-q2-update.win32_1.4.0.202007081208/tools/bin/../lib/gcc/arm-none-eabi/7.3.1/thumb/v7-m/crtbegin.o
 .text          0x0000000000000000       0x74 c:/st/stm32cubeide_1.4.0/stm32cubeide/plugins/com.st.stm32cube.ide.mcu.externaltools.gnu-tools-for-stm32.7-2018-q2-update.win32_1.4.0.202007081208/tools/bin/../lib/gcc/arm-none-eabi/7.3.1/../../../../arm-none-eabi/lib/thumb/v7-m/crt0.o
 .data          0x0000000000000000        0x0 c:/st/stm32cubeide_1.4.0/stm32cubeide/plugins/com.st.stm32cube.ide.mcu.externaltools.gnu-tools-for-stm32.7-2018-q2-update.win32_1.4.0.202007081208/tools/bin/../lib/gcc/arm-none-eabi/7.3.1/../../../../arm-none-eabi/lib/thumb/v7-m/crt0.o
[...]
Memory Configuration

Name             Origin             Length             Attributes
RAM              0x0000000020000000 0x0000000000005000 xrw
FLASH            0x0000000008000000 0x0000000000010000 xr
*default*        0x0000000000000000 0xffffffffffffffff

Linker script and memory map

LOAD c:/st/stm32cubeide_1.4.0/stm32cubeide/plugins/com.st.stm32cube.ide.mcu.externaltools.gnu-tools-for-stm32.7-2018-q2-update.win32_1.4.0.202007081208/tools/bin/../lib/gcc/arm-none-eabi/7.3.1/thumb/v7-m/crti.o
LOAD c:/st/stm32cubeide_1.4.0/stm32cubeide/plugins/com.st.stm32cube.ide.mcu.externaltools.gnu-tools-for-stm32.7-2018-q2-update.win32_1.4.0.202007081208/tools/bin/../lib/gcc/arm-none-eabi/7.3.1/thumb/v7-m/crtbegin.o
LOAD c:/st/stm32cubeide_1.4.0/stm32cubeide/plugins/com.st.stm32cube.ide.mcu.externaltools.gnu-tools-for-stm32.7-2018-q2-update.win32_1.4.0.202007081208/tools/bin/../lib/gcc/arm-none-eabi/7.3.1/../../../../arm-none-eabi/lib/thumb/v7-m/crt0.o
LOAD Core/Src/main.o
LOAD Core/Src/stm32f1xx_hal_msp.o
LOAD Core/Src/stm32f1xx_it.o
LOAD Core/Src/syscalls.o
LOAD Core/Src/sysmem.o
LOAD Core/Src/system_stm32f1xx.o
LOAD Core/Src/tm1637.o
LOAD Core/Startup/startup_stm32f103c8tx.o
LOAD Drivers/STM32F1xx_HAL_Driver/Src/stm32f1xx_hal.o
LOAD Drivers/STM32F1xx_HAL_Driver/Src/stm32f1xx_hal_cortex.o
LOAD Drivers/STM32F1xx_HAL_Driver/Src/stm32f1xx_hal_dma.o
LOAD Drivers/STM32F1xx_HAL_Driver/Src/stm32f1xx_hal_exti.o
LOAD Drivers/STM32F1xx_HAL_Driver/Src/stm32f1xx_hal_flash.o
LOAD Drivers/STM32F1xx_HAL_Driver/Src/stm32f1xx_hal_flash_ex.o
LOAD Drivers/STM32F1xx_HAL_Driver/Src/stm32f1xx_hal_gpio.o
LOAD Drivers/STM32F1xx_HAL_Driver/Src/stm32f1xx_hal_gpio_ex.o
LOAD Drivers/STM32F1xx_HAL_Driver/Src/stm32f1xx_hal_i2c.o
LOAD Drivers/STM32F1xx_HAL_Driver/Src/stm32f1xx_hal_pcd.o
LOAD Drivers/STM32F1xx_HAL_Driver/Src/stm32f1xx_hal_pcd_ex.o
LOAD Drivers/STM32F1xx_HAL_Driver/Src/stm32f1xx_hal_pwr.o
LOAD Drivers/STM32F1xx_HAL_Driver/Src/stm32f1xx_hal_rcc.o
LOAD Drivers/STM32F1xx_HAL_Driver/Src/stm32f1xx_hal_rcc_ex.o
LOAD Drivers/STM32F1xx_HAL_Driver/Src/stm32f1xx_hal_rtc.o
LOAD Drivers/STM32F1xx_HAL_Driver/Src/stm32f1xx_hal_rtc_ex.o
LOAD Drivers/STM32F1xx_HAL_Driver/Src/stm32f1xx_hal_tim.o
LOAD Drivers/STM32F1xx_HAL_Driver/Src/stm32f1xx_hal_tim_ex.o
LOAD Drivers/STM32F1xx_HAL_Driver/Src/stm32f1xx_ll_usb.o
LOAD Middlewares/ST/STM32_USB_Device_Library/Class/CDC/Src/usbd_cdc.o
LOAD Middlewares/ST/STM32_USB_Device_Library/Core/Src/usbd_core.o
LOAD Middlewares/ST/STM32_USB_Device_Library/Core/Src/usbd_ctlreq.o
LOAD Middlewares/ST/STM32_USB_Device_Library/Core/Src/usbd_ioreq.o
LOAD USB_DEVICE/App/usb_device.o
LOAD USB_DEVICE/App/usbd_cdc_if.o
LOAD USB_DEVICE/App/usbd_desc.o
LOAD USB_DEVICE/Target/usbd_conf.o
START GROUP
LOAD c:/st/stm32cubeide_1.4.0/stm32cubeide/plugins/com.st.stm32cube.ide.mcu.externaltools.gnu-tools-for-stm32.7-2018-q2-update.win32_1.4.0.202007081208/tools/bin/../lib/gcc/arm-none-eabi/7.3.1/../../../../arm-none-eabi/lib/thumb/v7-m\libc_nano.a
LOAD c:/st/stm32cubeide_1.4.0/stm32cubeide/plugins/com.st.stm32cube.ide.mcu.externaltools.gnu-tools-for-stm32.7-2018-q2-update.win32_1.4.0.202007081208/tools/bin/../lib/gcc/arm-none-eabi/7.3.1/../../../../arm-none-eabi/lib/thumb/v7-m\libm.a
END GROUP
START GROUP
LOAD c:/st/stm32cubeide_1.4.0/stm32cubeide/plugins/com.st.stm32cube.ide.mcu.externaltools.gnu-tools-for-stm32.7-2018-q2-update.win32_1.4.0.202007081208/tools/bin/../lib/gcc/arm-none-eabi/7.3.1/thumb/v7-m\libgcc.a
LOAD c:/st/stm32cubeide_1.4.0/stm32cubeide/plugins/com.st.stm32cube.ide.mcu.externaltools.gnu-tools-for-stm32.7-2018-q2-update.win32_1.4.0.202007081208/tools/bin/../lib/gcc/arm-none-eabi/7.3.1/../../../../arm-none-eabi/lib/thumb/v7-m\libc_nano.a
END GROUP
START GROUP
LOAD c:/st/stm32cubeide_1.4.0/stm32cubeide/plugins/com.st.stm32cube.ide.mcu.externaltools.gnu-tools-for-stm32.7-2018-q2-update.win32_1.4.0.202007081208/tools/bin/../lib/gcc/arm-none-eabi/7.3.1/thumb/v7-m\libgcc.a
LOAD c:/st/stm32cubeide_1.4.0/stm32cubeide/plugins/com.st.stm32cube.ide.mcu.externaltools.gnu-tools-for-stm32.7-2018-q2-update.win32_1.4.0.202007081208/tools/bin/../lib/gcc/arm-none-eabi/7.3.1/../../../../arm-none-eabi/lib/thumb/v7-m\libc_nano.a
LOAD c:/st/stm32cubeide_1.4.0/stm32cubeide/plugins/com.st.stm32cube.ide.mcu.externaltools.gnu-tools-for-stm32.7-2018-q2-update.win32_1.4.0.202007081208/tools/bin/../lib/gcc/arm-none-eabi/7.3.1/../../../../arm-none-eabi/lib/thumb/v7-m\libnosys.a
END GROUP
START GROUP
LOAD c:/st/stm32cubeide_1.4.0/stm32cubeide/plugins/com.st.stm32cube.ide.mcu.externaltools.gnu-tools-for-stm32.7-2018-q2-update.win32_1.4.0.202007081208/tools/bin/../lib/gcc/arm-none-eabi/7.3.1/thumb/v7-m\libgcc.a
LOAD c:/st/stm32cubeide_1.4.0/stm32cubeide/plugins/com.st.stm32cube.ide.mcu.externaltools.gnu-tools-for-stm32.7-2018-q2-update.win32_1.4.0.202007081208/tools/bin/../lib/gcc/arm-none-eabi/7.3.1/../../../../arm-none-eabi/lib/thumb/v7-m\libc_nano.a
LOAD c:/st/stm32cubeide_1.4.0/stm32cubeide/plugins/com.st.stm32cube.ide.mcu.externaltools.gnu-tools-for-stm32.7-2018-q2-update.win32_1.4.0.202007081208/tools/bin/../lib/gcc/arm-none-eabi/7.3.1/../../../../arm-none-eabi/lib/thumb/v7-m\libnosys.a
END GROUP
LOAD c:/st/stm32cubeide_1.4.0/stm32cubeide/plugins/com.st.stm32cube.ide.mcu.externaltools.gnu-tools-for-stm32.7-2018-q2-update.win32_1.4.0.202007081208/tools/bin/../lib/gcc/arm-none-eabi/7.3.1/thumb/v7-m/crtend.o
LOAD c:/st/stm32cubeide_1.4.0/stm32cubeide/plugins/com.st.stm32cube.ide.mcu.externaltools.gnu-tools-for-stm32.7-2018-q2-update.win32_1.4.0.202007081208/tools/bin/../lib/gcc/arm-none-eabi/7.3.1/thumb/v7-m/crtn.o
                0x0000000020005000                _estack = (ORIGIN (RAM) + LENGTH (RAM))
                0x0000000000000200                _Min_Heap_Size = 0x200
                0x0000000000000400                _Min_Stack_Size = 0x400

.isr_vector     0x0000000008000000      0x10c
                0x0000000008000000                . = ALIGN (0x4)
 *(.isr_vector)
 .isr_vector    0x0000000008000000      0x10c Core/Startup/startup_stm32f103c8tx.o
                0x0000000008000000                g_pfnVectors
                0x000000000800010c                . = ALIGN (0x4)

.text           0x000000000800010c     0x7db8
                0x000000000800010c                . = ALIGN (0x4)
 *(.text)
 .text          0x000000000800010c       0x40 c:/st/stm32cubeide_1.4.0/stm32cubeide/plugins/com.st.stm32cube.ide.mcu.externaltools.gnu-tools-for-stm32.7-2018-q2-update.win32_1.4.0.202007081208/tools/bin/../lib/gcc/arm-none-eabi/7.3.1/thumb/v7-m/crtbegin.o
 *(.text*)
 .text.message_hanler
                0x000000000800014c       0x20 Core/Src/main.o
                0x000000000800014c                message_hanler
 .text.main     0x000000000800016c       0x74 Core/Src/main.o
                0x000000000800016c                main
 .text.SystemClock_Config
                0x00000000080001e0       0xca Core/Src/main.o
                0x00000000080001e0                SystemClock_Config
 *fill*         0x00000000080002aa        0x2 
 .text.MX_I2C2_Init
                0x00000000080002ac       0x5c Core/Src/main.o
 .text.MX_RTC_Init
                0x0000000008000308       0x38 Core/Src/main.o
 .text.MX_GPIO_Init
                0x0000000008000340      0x114 Core/Src/main.o
 .text.Error_Handler
                0x0000000008000454        0xc Core/Src/main.o
                0x0000000008000454                Error_Handler
 .text.HAL_MspInit
                0x0000000008000460       0x64 Core/Src/stm32f1xx_hal_msp.o
                0x0000000008000460                HAL_MspInit
 .text.HAL_I2C_MspInit
                0x00000000080004c4       0x80 Core/Src/stm32f1xx_hal_msp.o
                0x00000000080004c4                HAL_I2C_MspInit
 .text.HAL_RTC_MspInit
                0x0000000008000544       0x48 Core/Src/stm32f1xx_hal_msp.o
                0x0000000008000544                HAL_RTC_MspInit
 .text.NMI_Handler
                0x000000000800058c        0xc Core/Src/stm32f1xx_it.o
                0x000000000800058c                NMI_Handler
 .text.HardFault_Handler
                0x0000000008000598        0x6 Core/Src/stm32f1xx_it.o
                0x0000000008000598                HardFault_Handler
 .text.MemManage_Handler
                0x000000000800059e        0x6 Core/Src/stm32f1xx_it.o
                0x000000000800059e                MemManage_Handler
 .text.BusFault_Handler
                0x00000000080005a4        0x6 Core/Src/stm32f1xx_it.o
                0x00000000080005a4                BusFault_Handler
 .text.UsageFault_Handler
                0x00000000080005aa        0x6 Core/Src/stm32f1xx_it.o
                0x00000000080005aa                UsageFault_Handler
 .text.SVC_Handler
                0x00000000080005b0        0xc Core/Src/stm32f1xx_it.o
                0x00000000080005b0                SVC_Handler
 .text.DebugMon_Handler
                0x00000000080005bc        0xc Core/Src/stm32f1xx_it.o
                0x00000000080005bc                DebugMon_Handler
 .text.PendSV_Handler
                0x00000000080005c8        0xc Core/Src/stm32f1xx_it.o
                0x00000000080005c8                PendSV_Handler
 .text.SysTick_Handler
                0x00000000080005d4        0xc Core/Src/stm32f1xx_it.o
                0x00000000080005d4                SysTick_Handler
 .text.USB_LP_CAN1_RX0_IRQHandler
                0x00000000080005e0       0x14 Core/Src/stm32f1xx_it.o
                0x00000000080005e0                USB_LP_CAN1_RX0_IRQHandler
 .text.SystemInit
                0x00000000080005f4        0xc Core/Src/system_stm32f1xx.o
                0x00000000080005f4                SystemInit
 .text.tm1637_dio_in
                0x0000000008000600       0x40 Core/Src/tm1637.o
                0x0000000008000600                tm1637_dio_in
 .text.tm1637_dio_out
                0x0000000008000640       0x40 Core/Src/tm1637.o
                0x0000000008000640                tm1637_dio_out
 .text.tm1637_start
                0x0000000008000680       0x4c Core/Src/tm1637.o
                0x0000000008000680                tm1637_start
 .text.tm1637_ack
                0x00000000080006cc       0x80 Core/Src/tm1637.o
                0x00000000080006cc                tm1637_ack
 .text.tm1637_stop
                0x000000000800074c       0x30 Core/Src/tm1637.o
                0x000000000800074c                tm1637_stop
 .text.tm1637_write_bytes
                0x000000000800077c       0x8c Core/Src/tm1637.o
                0x000000000800077c                tm1637_write_bytes
 .text.tm1637_data_command_setting
                0x0000000008000808       0x1c Core/Src/tm1637.o
                0x0000000008000808                tm1637_data_command_setting
 .text.tm1637_address_command_setting
                0x0000000008000824       0x6a Core/Src/tm1637.o
                0x0000000008000824                tm1637_address_command_setting
 *fill*         0x000000000800088e        0x2 
 .text.tm1637_display_time
                0x0000000008000890       0xa4 Core/Src/tm1637.o
                0x0000000008000890                tm1637_display_time
 .text.tm1637_display_time_from_sec
                0x0000000008000934       0x54 Core/Src/tm1637.o
                0x0000000008000934                tm1637_display_time_from_sec
 .text.tm1637_display_control
                0x0000000008000988       0x1c Core/Src/tm1637.o
                0x0000000008000988                tm1637_display_control
 .text.Reset_Handler
                0x00000000080009a4       0x48 Core/Startup/startup_stm32f103c8tx.o
                0x00000000080009a4                Reset_Handler
 .text.Default_Handler
                0x00000000080009ec        0x2 Core/Startup/startup_stm32f103c8tx.o
                0x00000000080009ec                RTC_Alarm_IRQHandler
                0x00000000080009ec                EXTI2_IRQHandler
                0x00000000080009ec                TIM1_CC_IRQHandler
                0x00000000080009ec                PVD_IRQHandler
                0x00000000080009ec                EXTI3_IRQHandler
                0x00000000080009ec                EXTI0_IRQHandler
                0x00000000080009ec                I2C2_EV_IRQHandler
                0x00000000080009ec                ADC1_2_IRQHandler
                0x00000000080009ec                SPI1_IRQHandler
                0x00000000080009ec                TAMPER_IRQHandler
                0x00000000080009ec                DMA1_Channel4_IRQHandler
                0x00000000080009ec                USART3_IRQHandler
                0x00000000080009ec                RTC_IRQHandler
                0x00000000080009ec                DMA1_Channel7_IRQHandler
                0x00000000080009ec                CAN1_RX1_IRQHandler
                0x00000000080009ec                TIM4_IRQHandler
                0x00000000080009ec                I2C1_EV_IRQHandler
                0x00000000080009ec                DMA1_Channel6_IRQHandler
                0x00000000080009ec                TIM3_IRQHandler
                0x00000000080009ec                RCC_IRQHandler
                0x00000000080009ec                TIM1_TRG_COM_IRQHandler
                0x00000000080009ec                DMA1_Channel1_IRQHandler
                0x00000000080009ec                Default_Handler
                0x00000000080009ec                EXTI15_10_IRQHandler
                0x00000000080009ec                EXTI9_5_IRQHandler
                0x00000000080009ec                SPI2_IRQHandler
                0x00000000080009ec                DMA1_Channel5_IRQHandler
                0x00000000080009ec                EXTI4_IRQHandler
                0x00000000080009ec                USB_HP_CAN1_TX_IRQHandler
                0x00000000080009ec                DMA1_Channel3_IRQHandler
                0x00000000080009ec                TIM1_UP_IRQHandler
                0x00000000080009ec                WWDG_IRQHandler
                0x00000000080009ec                TIM2_IRQHandler
                0x00000000080009ec                TIM1_BRK_IRQHandler
                0x00000000080009ec                EXTI1_IRQHandler
                0x00000000080009ec                USART2_IRQHandler
                0x00000000080009ec                I2C2_ER_IRQHandler
                0x00000000080009ec                DMA1_Channel2_IRQHandler
                0x00000000080009ec                CAN1_SCE_IRQHandler
                0x00000000080009ec                FLASH_IRQHandler
                0x00000000080009ec                USART1_IRQHandler
                0x00000000080009ec                I2C1_ER_IRQHandler
                0x00000000080009ec                USBWakeUp_IRQHandler
 *fill*         0x00000000080009ee        0x2 
 .text.HAL_Init
                0x00000000080009f0       0x2c Drivers/STM32F1xx_HAL_Driver/Src/stm32f1xx_hal.o
                0x00000000080009f0                HAL_Init
 .text.HAL_InitTick
                0x0000000008000a1c       0x60 Drivers/STM32F1xx_HAL_Driver/Src/stm32f1xx_hal.o
                0x0000000008000a1c                HAL_InitTick
 .text.HAL_IncTick
                0x0000000008000a7c       0x24 Drivers/STM32F1xx_HAL_Driver/Src/stm32f1xx_hal.o
                0x0000000008000a7c                HAL_IncTick
 .text.HAL_GetTick
                0x0000000008000aa0       0x14 Drivers/STM32F1xx_HAL_Driver/Src/stm32f1xx_hal.o
                0x0000000008000aa0                HAL_GetTick
 .text.HAL_Delay
                0x0000000008000ab4       0x44 Drivers/STM32F1xx_HAL_Driver/Src/stm32f1xx_hal.o
                0x0000000008000ab4                HAL_Delay
 .text.__NVIC_SetPriorityGrouping
                0x0000000008000af8       0x48 Drivers/STM32F1xx_HAL_Driver/Src/stm32f1xx_hal_cortex.o
 .text.__NVIC_GetPriorityGrouping
                0x0000000008000b40       0x1c Drivers/STM32F1xx_HAL_Driver/Src/stm32f1xx_hal_cortex.o
 .text.__NVIC_EnableIRQ
                0x0000000008000b5c       0x38 Drivers/STM32F1xx_HAL_Driver/Src/stm32f1xx_hal_cortex.o
 .text.__NVIC_SetPriority
                0x0000000008000b94       0x54 Drivers/STM32F1xx_HAL_Driver/Src/stm32f1xx_hal_cortex.o
 .text.NVIC_EncodePriority
                0x0000000008000be8       0x64 Drivers/STM32F1xx_HAL_Driver/Src/stm32f1xx_hal_cortex.o
 .text.SysTick_Config
                0x0000000008000c4c       0x44 Drivers/STM32F1xx_HAL_Driver/Src/stm32f1xx_hal_cortex.o
 .text.HAL_NVIC_SetPriorityGrouping
                0x0000000008000c90       0x16 Drivers/STM32F1xx_HAL_Driver/Src/stm32f1xx_hal_cortex.o
                0x0000000008000c90                HAL_NVIC_SetPriorityGrouping
 .text.HAL_NVIC_SetPriority
                0x0000000008000ca6       0x38 Drivers/STM32F1xx_HAL_Driver/Src/stm32f1xx_hal_cortex.o
                0x0000000008000ca6                HAL_NVIC_SetPriority
 .text.HAL_NVIC_EnableIRQ
                0x0000000008000cde       0x1c Drivers/STM32F1xx_HAL_Driver/Src/stm32f1xx_hal_cortex.o
                0x0000000008000cde                HAL_NVIC_EnableIRQ
 .text.HAL_SYSTICK_Config
                0x0000000008000cfa       0x18 Drivers/STM32F1xx_HAL_Driver/Src/stm32f1xx_hal_cortex.o
                0x0000000008000cfa                HAL_SYSTICK_Config
 *fill*         0x0000000008000d12        0x2 
 .text.HAL_GPIO_Init
                0x0000000008000d14      0x2b4 Drivers/STM32F1xx_HAL_Driver/Src/stm32f1xx_hal_gpio.o
                0x0000000008000d14                HAL_GPIO_Init
 .text.HAL_GPIO_ReadPin
                0x0000000008000fc8       0x2e Drivers/STM32F1xx_HAL_Driver/Src/stm32f1xx_hal_gpio.o
                0x0000000008000fc8                HAL_GPIO_ReadPin
 .text.HAL_GPIO_WritePin
                0x0000000008000ff6       0x30 Drivers/STM32F1xx_HAL_Driver/Src/stm32f1xx_hal_gpio.o
                0x0000000008000ff6                HAL_GPIO_WritePin
 *fill*         0x0000000008001026        0x2 
 .text.HAL_I2C_Init
                0x0000000008001028      0x270 Drivers/STM32F1xx_HAL_Driver/Src/stm32f1xx_hal_i2c.o
                0x0000000008001028                HAL_I2C_Init
 .text.HAL_PCD_Init
                0x0000000008001298      0x216 Drivers/STM32F1xx_HAL_Driver/Src/stm32f1xx_hal_pcd.o
                0x0000000008001298                HAL_PCD_Init
 .text.HAL_PCD_Start
                0x00000000080014ae       0x4c Drivers/STM32F1xx_HAL_Driver/Src/stm32f1xx_hal_pcd.o
                0x00000000080014ae                HAL_PCD_Start
 .text.HAL_PCD_IRQHandler
                0x00000000080014fa      0x2aa Drivers/STM32F1xx_HAL_Driver/Src/stm32f1xx_hal_pcd.o
                0x00000000080014fa                HAL_PCD_IRQHandler
 .text.HAL_PCD_SetAddress
                0x00000000080017a4       0x4a Drivers/STM32F1xx_HAL_Driver/Src/stm32f1xx_hal_pcd.o
                0x00000000080017a4                HAL_PCD_SetAddress
 .text.HAL_PCD_EP_Open
                0x00000000080017ee       0xcc Drivers/STM32F1xx_HAL_Driver/Src/stm32f1xx_hal_pcd.o
                0x00000000080017ee                HAL_PCD_EP_Open
 .text.HAL_PCD_EP_Close
                0x00000000080018ba       0x90 Drivers/STM32F1xx_HAL_Driver/Src/stm32f1xx_hal_pcd.o
                0x00000000080018ba                HAL_PCD_EP_Close
 .text.HAL_PCD_EP_Receive
                0x000000000800194a       0x7a Drivers/STM32F1xx_HAL_Driver/Src/stm32f1xx_hal_pcd.o
                0x000000000800194a                HAL_PCD_EP_Receive
 .text.HAL_PCD_EP_GetRxCount
                0x00000000080019c4       0x2e Drivers/STM32F1xx_HAL_Driver/Src/stm32f1xx_hal_pcd.o
                0x00000000080019c4                HAL_PCD_EP_GetRxCount
 .text.HAL_PCD_EP_Transmit
                0x00000000080019f2       0x86 Drivers/STM32F1xx_HAL_Driver/Src/stm32f1xx_hal_pcd.o
                0x00000000080019f2                HAL_PCD_EP_Transmit
 .text.HAL_PCD_EP_SetStall
                0x0000000008001a78       0xc0 Drivers/STM32F1xx_HAL_Driver/Src/stm32f1xx_hal_pcd.o
                0x0000000008001a78                HAL_PCD_EP_SetStall
 .text.HAL_PCD_EP_ClrStall
                0x0000000008001b38       0xa8 Drivers/STM32F1xx_HAL_Driver/Src/stm32f1xx_hal_pcd.o
                0x0000000008001b38                HAL_PCD_EP_ClrStall
 .text.PCD_EP_ISR_Handler
                0x0000000008001be0      0x600 Drivers/STM32F1xx_HAL_Driver/Src/stm32f1xx_hal_pcd.o
 .text.HAL_PCD_EP_DB_Receive
                0x00000000080021e0      0x21a Drivers/STM32F1xx_HAL_Driver/Src/stm32f1xx_hal_pcd.o
 .text.HAL_PCD_EP_DB_Transmit
                0x00000000080023fa      0x79e Drivers/STM32F1xx_HAL_Driver/Src/stm32f1xx_hal_pcd.o
 .text.HAL_PCDEx_PMAConfig
                0x0000000008002b98       0x84 Drivers/STM32F1xx_HAL_Driver/Src/stm32f1xx_hal_pcd_ex.o
                0x0000000008002b98                HAL_PCDEx_PMAConfig
 .text.HAL_PWR_EnableBkUpAccess
                0x0000000008002c1c       0x18 Drivers/STM32F1xx_HAL_Driver/Src/stm32f1xx_hal_pwr.o
                0x0000000008002c1c                HAL_PWR_EnableBkUpAccess
 .text.HAL_RCC_OscConfig
                0x0000000008002c34      0x500 Drivers/STM32F1xx_HAL_Driver/Src/stm32f1xx_hal_rcc.o
                0x0000000008002c34                HAL_RCC_OscConfig
 .text.HAL_RCC_ClockConfig
                0x0000000008003134      0x1d4 Drivers/STM32F1xx_HAL_Driver/Src/stm32f1xx_hal_rcc.o
                0x0000000008003134                HAL_RCC_ClockConfig
 .text.HAL_RCC_MCOConfig
                0x0000000008003308       0x70 Drivers/STM32F1xx_HAL_Driver/Src/stm32f1xx_hal_rcc.o
                0x0000000008003308                HAL_RCC_MCOConfig
 .text.HAL_RCC_GetSysClockFreq
                0x0000000008003378       0xc4 Drivers/STM32F1xx_HAL_Driver/Src/stm32f1xx_hal_rcc.o
                0x0000000008003378                HAL_RCC_GetSysClockFreq
 .text.HAL_RCC_GetHCLKFreq
                0x000000000800343c       0x14 Drivers/STM32F1xx_HAL_Driver/Src/stm32f1xx_hal_rcc.o
                0x000000000800343c                HAL_RCC_GetHCLKFreq
 .text.HAL_RCC_GetPCLK1Freq
                0x0000000008003450       0x28 Drivers/STM32F1xx_HAL_Driver/Src/stm32f1xx_hal_rcc.o
                0x0000000008003450                HAL_RCC_GetPCLK1Freq
 .text.HAL_RCC_GetPCLK2Freq
                0x0000000008003478       0x28 Drivers/STM32F1xx_HAL_Driver/Src/stm32f1xx_hal_rcc.o
                0x0000000008003478                HAL_RCC_GetPCLK2Freq
 .text.RCC_Delay
                0x00000000080034a0       0x3c Drivers/STM32F1xx_HAL_Driver/Src/stm32f1xx_hal_rcc.o
 .text.HAL_RCCEx_PeriphCLKConfig
                0x00000000080034dc      0x16c Drivers/STM32F1xx_HAL_Driver/Src/stm32f1xx_hal_rcc_ex.o
                0x00000000080034dc                HAL_RCCEx_PeriphCLKConfig
 .text.HAL_RCCEx_GetPeriphCLKFreq
                0x0000000008003648      0x178 Drivers/STM32F1xx_HAL_Driver/Src/stm32f1xx_hal_rcc_ex.o
                0x0000000008003648                HAL_RCCEx_GetPeriphCLKFreq
 .text.HAL_RTC_Init
                0x00000000080037c0      0x12c Drivers/STM32F1xx_HAL_Driver/Src/stm32f1xx_hal_rtc.o
                0x00000000080037c0                HAL_RTC_Init
 .text.HAL_RTC_WaitForSynchro
                0x00000000080038ec       0x5a Drivers/STM32F1xx_HAL_Driver/Src/stm32f1xx_hal_rtc.o
                0x00000000080038ec                HAL_RTC_WaitForSynchro
 .text.RTC_EnterInitMode
                0x0000000008003946       0x50 Drivers/STM32F1xx_HAL_Driver/Src/stm32f1xx_hal_rtc.o
 .text.RTC_ExitInitMode
                0x0000000008003996       0x50 Drivers/STM32F1xx_HAL_Driver/Src/stm32f1xx_hal_rtc.o
 .text.USB_CoreInit
                0x00000000080039e6       0x20 Drivers/STM32F1xx_HAL_Driver/Src/stm32f1xx_ll_usb.o
                0x00000000080039e6                USB_CoreInit
 .text.USB_EnableGlobalInt
                0x0000000008003a06       0x2c Drivers/STM32F1xx_HAL_Driver/Src/stm32f1xx_ll_usb.o
                0x0000000008003a06                USB_EnableGlobalInt
 .text.USB_DisableGlobalInt
                0x0000000008003a32       0x34 Drivers/STM32F1xx_HAL_Driver/Src/stm32f1xx_ll_usb.o
                0x0000000008003a32                USB_DisableGlobalInt
 .text.USB_SetCurrentMode
                0x0000000008003a66       0x18 Drivers/STM32F1xx_HAL_Driver/Src/stm32f1xx_ll_usb.o
                0x0000000008003a66                USB_SetCurrentMode
 .text.USB_DevInit
                0x0000000008003a7e       0x40 Drivers/STM32F1xx_HAL_Driver/Src/stm32f1xx_ll_usb.o
                0x0000000008003a7e                USB_DevInit
 *fill*         0x0000000008003abe        0x2 
 .text.USB_ActivateEndpoint
                0x0000000008003ac0      0x6d4 Drivers/STM32F1xx_HAL_Driver/Src/stm32f1xx_ll_usb.o
                0x0000000008003ac0                USB_ActivateEndpoint
 .text.USB_DeactivateEndpoint
                0x0000000008004194      0x3d8 Drivers/STM32F1xx_HAL_Driver/Src/stm32f1xx_ll_usb.o
                0x0000000008004194                USB_DeactivateEndpoint
 .text.USB_EPStartXfer
                0x000000000800456c     0x15ee Drivers/STM32F1xx_HAL_Driver/Src/stm32f1xx_ll_usb.o
                0x000000000800456c                USB_EPStartXfer
 .text.USB_EPSetStall
                0x0000000008005b5a       0xa0 Drivers/STM32F1xx_HAL_Driver/Src/stm32f1xx_ll_usb.o
                0x0000000008005b5a                USB_EPSetStall
 .text.USB_EPClearStall
                0x0000000008005bfa      0x15a Drivers/STM32F1xx_HAL_Driver/Src/stm32f1xx_ll_usb.o
                0x0000000008005bfa                USB_EPClearStall
 .text.USB_SetDevAddress
                0x0000000008005d54       0x26 Drivers/STM32F1xx_HAL_Driver/Src/stm32f1xx_ll_usb.o
                0x0000000008005d54                USB_SetDevAddress
 .text.USB_DevConnect
                0x0000000008005d7a       0x14 Drivers/STM32F1xx_HAL_Driver/Src/stm32f1xx_ll_usb.o
                0x0000000008005d7a                USB_DevConnect
 .text.USB_DevDisconnect
                0x0000000008005d8e       0x14 Drivers/STM32F1xx_HAL_Driver/Src/stm32f1xx_ll_usb.o
                0x0000000008005d8e                USB_DevDisconnect
 .text.USB_ReadInterrupts
                0x0000000008005da2       0x1e Drivers/STM32F1xx_HAL_Driver/Src/stm32f1xx_ll_usb.o
                0x0000000008005da2                USB_ReadInterrupts
 .text.USB_EP0_OutStart
                0x0000000008005dc0       0x16 Drivers/STM32F1xx_HAL_Driver/Src/stm32f1xx_ll_usb.o
                0x0000000008005dc0                USB_EP0_OutStart
 .text.USB_WritePMA
                0x0000000008005dd6       0x88 Drivers/STM32F1xx_HAL_Driver/Src/stm32f1xx_ll_usb.o
                0x0000000008005dd6                USB_WritePMA
 .text.USB_ReadPMA
                0x0000000008005e5e       0x9e Drivers/STM32F1xx_HAL_Driver/Src/stm32f1xx_ll_usb.o
                0x0000000008005e5e                USB_ReadPMA
 .text.USBD_CDC_Init
                0x0000000008005efc       0xf4 Middlewares/ST/STM32_USB_Device_Library/Class/CDC/Src/usbd_cdc.o
 .text.USBD_CDC_DeInit
                0x0000000008005ff0       0x6e Middlewares/ST/STM32_USB_Device_Library/Class/CDC/Src/usbd_cdc.o
 .text.USBD_CDC_Setup
                0x000000000800605e      0x140 Middlewares/ST/STM32_USB_Device_Library/Class/CDC/Src/usbd_cdc.o
 .text.USBD_CDC_DataIn
                0x000000000800619e       0xa6 Middlewares/ST/STM32_USB_Device_Library/Class/CDC/Src/usbd_cdc.o
 .text.USBD_CDC_DataOut
                0x0000000008006244       0x56 Middlewares/ST/STM32_USB_Device_Library/Class/CDC/Src/usbd_cdc.o
 .text.USBD_CDC_EP0_RxReady
                0x000000000800629a       0x50 Middlewares/ST/STM32_USB_Device_Library/Class/CDC/Src/usbd_cdc.o
 *fill*         0x00000000080062ea        0x2 
 .text.USBD_CDC_GetFSCfgDesc
                0x00000000080062ec       0x20 Middlewares/ST/STM32_USB_Device_Library/Class/CDC/Src/usbd_cdc.o
 .text.USBD_CDC_GetHSCfgDesc
                0x000000000800630c       0x20 Middlewares/ST/STM32_USB_Device_Library/Class/CDC/Src/usbd_cdc.o
 .text.USBD_CDC_GetOtherSpeedCfgDesc
                0x000000000800632c       0x20 Middlewares/ST/STM32_USB_Device_Library/Class/CDC/Src/usbd_cdc.o
 .text.USBD_CDC_GetDeviceQualifierDescriptor
                0x000000000800634c       0x20 Middlewares/ST/STM32_USB_Device_Library/Class/CDC/Src/usbd_cdc.o
                0x000000000800634c                USBD_CDC_GetDeviceQualifierDescriptor
 .text.USBD_CDC_RegisterInterface
                0x000000000800636c       0x2c Middlewares/ST/STM32_USB_Device_Library/Class/CDC/Src/usbd_cdc.o
                0x000000000800636c                USBD_CDC_RegisterInterface
 .text.USBD_CDC_SetTxBuffer
                0x0000000008006398       0x32 Middlewares/ST/STM32_USB_Device_Library/Class/CDC/Src/usbd_cdc.o
                0x0000000008006398                USBD_CDC_SetTxBuffer
 .text.USBD_CDC_SetRxBuffer
                0x00000000080063ca       0x26 Middlewares/ST/STM32_USB_Device_Library/Class/CDC/Src/usbd_cdc.o
                0x00000000080063ca                USBD_CDC_SetRxBuffer
 .text.USBD_CDC_ReceivePacket
                0x00000000080063f0       0x54 Middlewares/ST/STM32_USB_Device_Library/Class/CDC/Src/usbd_cdc.o
                0x00000000080063f0                USBD_CDC_ReceivePacket
 .text.USBD_Init
                0x0000000008006444       0x56 Middlewares/ST/STM32_USB_Device_Library/Core/Src/usbd_core.o
                0x0000000008006444                USBD_Init
 .text.USBD_RegisterClass
                0x000000000800649a       0x32 Middlewares/ST/STM32_USB_Device_Library/Core/Src/usbd_core.o
                0x000000000800649a                USBD_RegisterClass
 .text.USBD_Start
                0x00000000080064cc       0x18 Middlewares/ST/STM32_USB_Device_Library/Core/Src/usbd_core.o
                0x00000000080064cc                USBD_Start
 .text.USBD_RunTestMode
                0x00000000080064e4       0x14 Middlewares/ST/STM32_USB_Device_Library/Core/Src/usbd_core.o
                0x00000000080064e4                USBD_RunTestMode
 .text.USBD_SetClassConfig
                0x00000000080064f8       0x3e Middlewares/ST/STM32_USB_Device_Library/Core/Src/usbd_core.o
                0x00000000080064f8                USBD_SetClassConfig
 .text.USBD_ClrClassConfig
                0x0000000008006536       0x26 Middlewares/ST/STM32_USB_Device_Library/Core/Src/usbd_core.o
                0x0000000008006536                USBD_ClrClassConfig
 .text.USBD_LL_SetupStage
                0x000000000800655c       0x96 Middlewares/ST/STM32_USB_Device_Library/Core/Src/usbd_core.o
                0x000000000800655c                USBD_LL_SetupStage
 .text.USBD_LL_DataOutStage
                0x00000000080065f2       0xe2 Middlewares/ST/STM32_USB_Device_Library/Core/Src/usbd_core.o
                0x00000000080065f2                USBD_LL_DataOutStage
 .text.USBD_LL_DataInStage
                0x00000000080066d4      0x14a Middlewares/ST/STM32_USB_Device_Library/Core/Src/usbd_core.o
                0x00000000080066d4                USBD_LL_DataInStage
 .text.USBD_LL_Reset
                0x000000000800681e       0x82 Middlewares/ST/STM32_USB_Device_Library/Core/Src/usbd_core.o
                0x000000000800681e                USBD_LL_Reset
 .text.USBD_LL_SetSpeed
                0x00000000080068a0       0x1e Middlewares/ST/STM32_USB_Device_Library/Core/Src/usbd_core.o
                0x00000000080068a0                USBD_LL_SetSpeed
 .text.USBD_LL_Suspend
                0x00000000080068be       0x28 Middlewares/ST/STM32_USB_Device_Library/Core/Src/usbd_core.o
                0x00000000080068be                USBD_LL_Suspend
 .text.USBD_LL_Resume
                0x00000000080068e6       0x2a Middlewares/ST/STM32_USB_Device_Library/Core/Src/usbd_core.o
                0x00000000080068e6                USBD_LL_Resume
 .text.USBD_LL_SOF
                0x0000000008006910       0x34 Middlewares/ST/STM32_USB_Device_Library/Core/Src/usbd_core.o
                0x0000000008006910                USBD_LL_SOF
 .text.USBD_StdDevReq
                0x0000000008006944       0xd4 Middlewares/ST/STM32_USB_Device_Library/Core/Src/usbd_ctlreq.o
                0x0000000008006944                USBD_StdDevReq
 .text.USBD_StdItfReq
                0x0000000008006a18       0x8c Middlewares/ST/STM32_USB_Device_Library/Core/Src/usbd_ctlreq.o
                0x0000000008006a18                USBD_StdItfReq
 .text.USBD_StdEPReq
                0x0000000008006aa4      0x2ba Middlewares/ST/STM32_USB_Device_Library/Core/Src/usbd_ctlreq.o
                0x0000000008006aa4                USBD_StdEPReq
 *fill*         0x0000000008006d5e        0x2 
 .text.USBD_GetDescriptor
                0x0000000008006d60      0x2d0 Middlewares/ST/STM32_USB_Device_Library/Core/Src/usbd_ctlreq.o
 .text.USBD_SetAddress
                0x0000000008007030       0x84 Middlewares/ST/STM32_USB_Device_Library/Core/Src/usbd_ctlreq.o
 .text.USBD_SetConfig
                0x00000000080070b4      0x11c Middlewares/ST/STM32_USB_Device_Library/Core/Src/usbd_ctlreq.o
 .text.USBD_GetConfig
                0x00000000080071d0       0x68 Middlewares/ST/STM32_USB_Device_Library/Core/Src/usbd_ctlreq.o
 .text.USBD_GetStatus
                0x0000000008007238       0x66 Middlewares/ST/STM32_USB_Device_Library/Core/Src/usbd_ctlreq.o
 .text.USBD_SetFeature
                0x000000000800729e       0x28 Middlewares/ST/STM32_USB_Device_Library/Core/Src/usbd_ctlreq.o
 .text.USBD_ClrFeature
                0x00000000080072c6       0x42 Middlewares/ST/STM32_USB_Device_Library/Core/Src/usbd_ctlreq.o
 .text.USBD_ParseSetupRequest
                0x0000000008007308       0x78 Middlewares/ST/STM32_USB_Device_Library/Core/Src/usbd_ctlreq.o
                0x0000000008007308                USBD_ParseSetupRequest
 .text.USBD_CtlError
                0x0000000008007380       0x22 Middlewares/ST/STM32_USB_Device_Library/Core/Src/usbd_ctlreq.o
                0x0000000008007380                USBD_CtlError
 .text.USBD_GetString
                0x00000000080073a2       0x84 Middlewares/ST/STM32_USB_Device_Library/Core/Src/usbd_ctlreq.o
                0x00000000080073a2                USBD_GetString
 .text.USBD_GetLen
                0x0000000008007426       0x2e Middlewares/ST/STM32_USB_Device_Library/Core/Src/usbd_ctlreq.o
 .text.USBD_CtlSendData
                0x0000000008007454       0x38 Middlewares/ST/STM32_USB_Device_Library/Core/Src/usbd_ioreq.o
                0x0000000008007454                USBD_CtlSendData
 .text.USBD_CtlContinueSendData
                0x000000000800748c       0x24 Middlewares/ST/STM32_USB_Device_Library/Core/Src/usbd_ioreq.o
                0x000000000800748c                USBD_CtlContinueSendData
 .text.USBD_CtlPrepareRx
                0x00000000080074b0       0x3c Middlewares/ST/STM32_USB_Device_Library/Core/Src/usbd_ioreq.o
                0x00000000080074b0                USBD_CtlPrepareRx
 .text.USBD_CtlContinueRx
                0x00000000080074ec       0x24 Middlewares/ST/STM32_USB_Device_Library/Core/Src/usbd_ioreq.o
                0x00000000080074ec                USBD_CtlContinueRx
 .text.USBD_CtlSendStatus
                0x0000000008007510       0x26 Middlewares/ST/STM32_USB_Device_Library/Core/Src/usbd_ioreq.o
                0x0000000008007510                USBD_CtlSendStatus
 .text.USBD_CtlReceiveStatus
                0x0000000008007536       0x26 Middlewares/ST/STM32_USB_Device_Library/Core/Src/usbd_ioreq.o
                0x0000000008007536                USBD_CtlReceiveStatus
 .text.MX_USB_DEVICE_Init
                0x000000000800755c       0x60 USB_DEVICE/App/usb_device.o
                0x000000000800755c                MX_USB_DEVICE_Init
 .text.CDC_Init_FS
                0x00000000080075bc       0x28 USB_DEVICE/App/usbd_cdc_if.o
 .text.CDC_DeInit_FS
                0x00000000080075e4        0xe USB_DEVICE/App/usbd_cdc_if.o
 *fill*         0x00000000080075f2        0x2 
 .text.CDC_Control_FS
                0x00000000080075f4       0xbc USB_DEVICE/App/usbd_cdc_if.o
 .text.CDC_Receive_FS
                0x00000000080076b0       0x34 USB_DEVICE/App/usbd_cdc_if.o
 .text.USBD_FS_DeviceDescriptor
                0x00000000080076e4       0x24 USB_DEVICE/App/usbd_desc.o
                0x00000000080076e4                USBD_FS_DeviceDescriptor
 .text.USBD_FS_LangIDStrDescriptor
                0x0000000008007708       0x24 USB_DEVICE/App/usbd_desc.o
                0x0000000008007708                USBD_FS_LangIDStrDescriptor
 .text.USBD_FS_ProductStrDescriptor
                0x000000000800772c       0x3c USB_DEVICE/App/usbd_desc.o
                0x000000000800772c                USBD_FS_ProductStrDescriptor
 .text.USBD_FS_ManufacturerStrDescriptor
                0x0000000008007768       0x28 USB_DEVICE/App/usbd_desc.o
                0x0000000008007768                USBD_FS_ManufacturerStrDescriptor
 .text.USBD_FS_SerialStrDescriptor
                0x0000000008007790       0x24 USB_DEVICE/App/usbd_desc.o
                0x0000000008007790                USBD_FS_SerialStrDescriptor
 .text.USBD_FS_ConfigStrDescriptor
                0x00000000080077b4       0x3c USB_DEVICE/App/usbd_desc.o
                0x00000000080077b4                USBD_FS_ConfigStrDescriptor
 .text.USBD_FS_InterfaceStrDescriptor
                0x00000000080077f0       0x3c USB_DEVICE/App/usbd_desc.o
                0x00000000080077f0                USBD_FS_InterfaceStrDescriptor
 .text.Get_SerialNum
                0x000000000800782c       0x58 USB_DEVICE/App/usbd_desc.o
 .text.IntToUnicode
                0x0000000008007884       0x7a USB_DEVICE/App/usbd_desc.o
 *fill*         0x00000000080078fe        0x2 
 .text.HAL_PCD_MspInit
                0x0000000008007900       0x4c USB_DEVICE/Target/usbd_conf.o
                0x0000000008007900                HAL_PCD_MspInit
 .text.HAL_PCD_SetupStageCallback
                0x000000000800794c       0x24 USB_DEVICE/Target/usbd_conf.o
                0x000000000800794c                HAL_PCD_SetupStageCallback
 .text.HAL_PCD_DataOutStageCallback
                0x0000000008007970       0x36 USB_DEVICE/Target/usbd_conf.o
                0x0000000008007970                HAL_PCD_DataOutStageCallback
 .text.HAL_PCD_DataInStageCallback
                0x00000000080079a6       0x34 USB_DEVICE/Target/usbd_conf.o
                0x00000000080079a6                HAL_PCD_DataInStageCallback
 .text.HAL_PCD_SOFCallback
                0x00000000080079da       0x1c USB_DEVICE/Target/usbd_conf.o
                0x00000000080079da                HAL_PCD_SOFCallback
 .text.HAL_PCD_ResetCallback
                0x00000000080079f6       0x3c USB_DEVICE/Target/usbd_conf.o
                0x00000000080079f6                HAL_PCD_ResetCallback
 *fill*         0x0000000008007a32        0x2 
 .text.HAL_PCD_SuspendCallback
                0x0000000008007a34       0x34 USB_DEVICE/Target/usbd_conf.o
                0x0000000008007a34                HAL_PCD_SuspendCallback
 .text.HAL_PCD_ResumeCallback
                0x0000000008007a68       0x1c USB_DEVICE/Target/usbd_conf.o
                0x0000000008007a68                HAL_PCD_ResumeCallback
 .text.USBD_LL_Init
                0x0000000008007a84       0xb4 USB_DEVICE/Target/usbd_conf.o
                0x0000000008007a84                USBD_LL_Init
 .text.USBD_LL_Start
                0x0000000008007b38       0x36 USB_DEVICE/Target/usbd_conf.o
                0x0000000008007b38                USBD_LL_Start
 .text.USBD_LL_OpenEP
                0x0000000008007b6e       0x4c USB_DEVICE/Target/usbd_conf.o
                0x0000000008007b6e                USBD_LL_OpenEP
 .text.USBD_LL_CloseEP
                0x0000000008007bba       0x3e USB_DEVICE/Target/usbd_conf.o
                0x0000000008007bba                USBD_LL_CloseEP
 .text.USBD_LL_StallEP
                0x0000000008007bf8       0x3e USB_DEVICE/Target/usbd_conf.o
                0x0000000008007bf8                USBD_LL_StallEP
 .text.USBD_LL_ClearStallEP
                0x0000000008007c36       0x3e USB_DEVICE/Target/usbd_conf.o
                0x0000000008007c36                USBD_LL_ClearStallEP
 .text.USBD_LL_IsStallEP
                0x0000000008007c74       0x58 USB_DEVICE/Target/usbd_conf.o
                0x0000000008007c74                USBD_LL_IsStallEP
 .text.USBD_LL_SetUSBAddress
                0x0000000008007ccc       0x3e USB_DEVICE/Target/usbd_conf.o
                0x0000000008007ccc                USBD_LL_SetUSBAddress
 .text.USBD_LL_Transmit
                0x0000000008007d0a       0x46 USB_DEVICE/Target/usbd_conf.o
                0x0000000008007d0a                USBD_LL_Transmit
 .text.USBD_LL_PrepareReceive
                0x0000000008007d50       0x46 USB_DEVICE/Target/usbd_conf.o
                0x0000000008007d50                USBD_LL_PrepareReceive
 .text.USBD_LL_GetRxDataSize
                0x0000000008007d96       0x26 USB_DEVICE/Target/usbd_conf.o
                0x0000000008007d96                USBD_LL_GetRxDataSize
 .text.USBD_static_malloc
                0x0000000008007dbc       0x18 USB_DEVICE/Target/usbd_conf.o
                0x0000000008007dbc                USBD_static_malloc
 .text.USBD_static_free
                0x0000000008007dd4       0x12 USB_DEVICE/Target/usbd_conf.o
                0x0000000008007dd4                USBD_static_free
 .text.HAL_PCDEx_SetConnectionState
                0x0000000008007de6       0x16 USB_DEVICE/Target/usbd_conf.o
                0x0000000008007de6                HAL_PCDEx_SetConnectionState
 .text.USBD_Get_USB_Status
                0x0000000008007dfc       0x58 USB_DEVICE/Target/usbd_conf.o
 .text.__libc_init_array
                0x0000000008007e54       0x48 c:/st/stm32cubeide_1.4.0/stm32cubeide/plugins/com.st.stm32cube.ide.mcu.externaltools.gnu-tools-for-stm32.7-2018-q2-update.win32_1.4.0.202007081208/tools/bin/../lib/gcc/arm-none-eabi/7.3.1/../../../../arm-none-eabi/lib/thumb/v7-m\libc_nano.a(lib_a-init.o)
                0x0000000008007e54                __libc_init_array
 .text.memset   0x0000000008007e9c       0x10 c:/st/stm32cubeide_1.4.0/stm32cubeide/plugins/com.st.stm32cube.ide.mcu.externaltools.gnu-tools-for-stm32.7-2018-q2-update.win32_1.4.0.202007081208/tools/bin/../lib/gcc/arm-none-eabi/7.3.1/../../../../arm-none-eabi/lib/thumb/v7-m\libc_nano.a(lib_a-memset.o)
                0x0000000008007e9c                memset
 *(.glue_7)
 .glue_7        0x0000000008007eac        0x0 linker stubs
 *(.glue_7t)
 .glue_7t       0x0000000008007eac        0x0 linker stubs
 *(.eh_frame)
 .eh_frame      0x0000000008007eac        0x0 c:/st/stm32cubeide_1.4.0/stm32cubeide/plugins/com.st.stm32cube.ide.mcu.externaltools.gnu-tools-for-stm32.7-2018-q2-update.win32_1.4.0.202007081208/tools/bin/../lib/gcc/arm-none-eabi/7.3.1/thumb/v7-m/crtbegin.o
 *(.init)
 .init          0x0000000008007eac        0x4 c:/st/stm32cubeide_1.4.0/stm32cubeide/plugins/com.st.stm32cube.ide.mcu.externaltools.gnu-tools-for-stm32.7-2018-q2-update.win32_1.4.0.202007081208/tools/bin/../lib/gcc/arm-none-eabi/7.3.1/thumb/v7-m/crti.o
                0x0000000008007eac                _init
 .init          0x0000000008007eb0        0x8 c:/st/stm32cubeide_1.4.0/stm32cubeide/plugins/com.st.stm32cube.ide.mcu.externaltools.gnu-tools-for-stm32.7-2018-q2-update.win32_1.4.0.202007081208/tools/bin/../lib/gcc/arm-none-eabi/7.3.1/thumb/v7-m/crtn.o
 *(.fini)
 .fini          0x0000000008007eb8        0x4 c:/st/stm32cubeide_1.4.0/stm32cubeide/plugins/com.st.stm32cube.ide.mcu.externaltools.gnu-tools-for-stm32.7-2018-q2-update.win32_1.4.0.202007081208/tools/bin/../lib/gcc/arm-none-eabi/7.3.1/thumb/v7-m/crti.o
                0x0000000008007eb8                _fini
 .fini          0x0000000008007ebc        0x8 c:/st/stm32cubeide_1.4.0/stm32cubeide/plugins/com.st.stm32cube.ide.mcu.externaltools.gnu-tools-for-stm32.7-2018-q2-update.win32_1.4.0.202007081208/tools/bin/../lib/gcc/arm-none-eabi/7.3.1/thumb/v7-m/crtn.o
                0x0000000008007ec4                . = ALIGN (0x4)
                0x0000000008007ec4                _etext = .

.vfp11_veneer   0x0000000008007ec4        0x0
 .vfp11_veneer  0x0000000008007ec4        0x0 linker stubs

.v4_bx          0x0000000008007ec4        0x0
 .v4_bx         0x0000000008007ec4        0x0 linker stubs

.iplt           0x0000000008007ec4        0x0
 .iplt          0x0000000008007ec4        0x0 c:/st/stm32cubeide_1.4.0/stm32cubeide/plugins/com.st.stm32cube.ide.mcu.externaltools.gnu-tools-for-stm32.7-2018-q2-update.win32_1.4.0.202007081208/tools/bin/../lib/gcc/arm-none-eabi/7.3.1/thumb/v7-m/crtbegin.o

.rodata         0x0000000008007ec4       0x98
                0x0000000008007ec4                . = ALIGN (0x4)
 *(.rodata)
 .rodata        0x0000000008007ec4       0x12 Drivers/STM32F1xx_HAL_Driver/Src/stm32f1xx_hal_rcc.o
 *fill*         0x0000000008007ed6        0x2 
 .rodata        0x0000000008007ed8       0x12 Drivers/STM32F1xx_HAL_Driver/Src/stm32f1xx_hal_rcc_ex.o
 *fill*         0x0000000008007eea        0x2 
 .rodata        0x0000000008007eec       0x46 USB_DEVICE/App/usbd_desc.o
 *(.rodata*)
 *fill*         0x0000000008007f32        0x2 
 .rodata.AHBPrescTable
                0x0000000008007f34       0x10 Core/Src/system_stm32f1xx.o
                0x0000000008007f34                AHBPrescTable
 .rodata.APBPrescTable
                0x0000000008007f44        0x8 Core/Src/system_stm32f1xx.o
                0x0000000008007f44                APBPrescTable
 .rodata.hex_num
                0x0000000008007f4c       0x10 Core/Src/tm1637.o
                0x0000000008007f4c                hex_num
                0x0000000008007f5c                . = ALIGN (0x4)

.rel.dyn        0x0000000008007f5c        0x0
 .rel.iplt      0x0000000008007f5c        0x0 c:/st/stm32cubeide_1.4.0/stm32cubeide/plugins/com.st.stm32cube.ide.mcu.externaltools.gnu-tools-for-stm32.7-2018-q2-update.win32_1.4.0.202007081208/tools/bin/../lib/gcc/arm-none-eabi/7.3.1/thumb/v7-m/crtbegin.o

.ARM.extab      0x0000000008007f5c        0x0
                0x0000000008007f5c                . = ALIGN (0x4)
 *(.ARM.extab* .gnu.linkonce.armextab.*)
                0x0000000008007f5c                . = ALIGN (0x4)

.ARM            0x0000000008007f5c        0x0
                0x0000000008007f5c                . = ALIGN (0x4)
                0x0000000008007f5c                __exidx_start = .
 *(.ARM.exidx*)
                0x0000000008007f5c                __exidx_end = .
                0x0000000008007f5c                . = ALIGN (0x4)

.preinit_array  0x0000000008007f5c        0x0
                0x0000000008007f5c                . = ALIGN (0x4)
                0x0000000008007f5c                PROVIDE (__preinit_array_start = .)
 *(.preinit_array*)
                0x0000000008007f5c                PROVIDE (__preinit_array_end = .)
                0x0000000008007f5c                . = ALIGN (0x4)

.init_array     0x0000000008007f5c        0x4
                0x0000000008007f5c                . = ALIGN (0x4)
                0x0000000008007f5c                PROVIDE (__init_array_start = .)
 *(SORT_BY_NAME(.init_array.*))
 *(.init_array*)
 .init_array    0x0000000008007f5c        0x4 c:/st/stm32cubeide_1.4.0/stm32cubeide/plugins/com.st.stm32cube.ide.mcu.externaltools.gnu-tools-for-stm32.7-2018-q2-update.win32_1.4.0.202007081208/tools/bin/../lib/gcc/arm-none-eabi/7.3.1/thumb/v7-m/crtbegin.o
                0x0000000008007f60                PROVIDE (__init_array_end = .)
                0x0000000008007f60                . = ALIGN (0x4)

.fini_array     0x0000000008007f60        0x4
                0x0000000008007f60                . = ALIGN (0x4)
                [!provide]                        PROVIDE (__fini_array_start = .)
 *(SORT_BY_NAME(.fini_array.*))
 *(.fini_array*)
 .fini_array    0x0000000008007f60        0x4 c:/st/stm32cubeide_1.4.0/stm32cubeide/plugins/com.st.stm32cube.ide.mcu.externaltools.gnu-tools-for-stm32.7-2018-q2-update.win32_1.4.0.202007081208/tools/bin/../lib/gcc/arm-none-eabi/7.3.1/thumb/v7-m/crtbegin.o
                [!provide]                        PROVIDE (__fini_array_end = .)
                0x0000000008007f64                . = ALIGN (0x4)
                0x0000000008007f64                _sidata = LOADADDR (.data)

.data           0x0000000020000000      0x17c load address 0x0000000008007f64
                0x0000000020000000                . = ALIGN (0x4)
                0x0000000020000000                _sdata = .
 *(.data)
 *(.data*)
 .data.SystemCoreClock
                0x0000000020000000        0x4 Core/Src/system_stm32f1xx.o
                0x0000000020000000                SystemCoreClock
 .data.uwTickPrio
                0x0000000020000004        0x4 Drivers/STM32F1xx_HAL_Driver/Src/stm32f1xx_hal.o
                0x0000000020000004                uwTickPrio
 .data.uwTickFreq
                0x0000000020000008        0x1 Drivers/STM32F1xx_HAL_Driver/Src/stm32f1xx_hal.o
                0x0000000020000008                uwTickFreq
 *fill*         0x0000000020000009        0x3 
 .data.USBD_CDC_DeviceQualifierDesc
                0x000000002000000c        0xa Middlewares/ST/STM32_USB_Device_Library/Class/CDC/Src/usbd_cdc.o
 *fill*         0x0000000020000016        0x2 
 .data.USBD_CDC
                0x0000000020000018       0x38 Middlewares/ST/STM32_USB_Device_Library/Class/CDC/Src/usbd_cdc.o
                0x0000000020000018                USBD_CDC
 .data.USBD_CDC_CfgHSDesc
                0x0000000020000050       0x43 Middlewares/ST/STM32_USB_Device_Library/Class/CDC/Src/usbd_cdc.o
                0x0000000020000050                USBD_CDC_CfgHSDesc
 *fill*         0x0000000020000093        0x1 
 .data.USBD_CDC_CfgFSDesc
                0x0000000020000094       0x43 Middlewares/ST/STM32_USB_Device_Library/Class/CDC/Src/usbd_cdc.o
                0x0000000020000094                USBD_CDC_CfgFSDesc
 *fill*         0x00000000200000d7        0x1 
 .data.USBD_CDC_OtherSpeedCfgDesc
                0x00000000200000d8       0x43 Middlewares/ST/STM32_USB_Device_Library/Class/CDC/Src/usbd_cdc.o
                0x00000000200000d8                USBD_CDC_OtherSpeedCfgDesc
 *fill*         0x000000002000011b        0x1 
 .data.USBD_Interface_fops_FS
                0x000000002000011c       0x10 USB_DEVICE/App/usbd_cdc_if.o
                0x000000002000011c                USBD_Interface_fops_FS
 .data.FS_Desc  0x000000002000012c       0x1c USB_DEVICE/App/usbd_desc.o
                0x000000002000012c                FS_Desc
 .data.USBD_FS_DeviceDesc
                0x0000000020000148       0x12 USB_DEVICE/App/usbd_desc.o
                0x0000000020000148                USBD_FS_DeviceDesc
 *fill*         0x000000002000015a        0x2 
 .data.USBD_LangIDDesc
                0x000000002000015c        0x4 USB_DEVICE/App/usbd_desc.o
                0x000000002000015c                USBD_LangIDDesc
 .data.USBD_StringSerial
                0x0000000020000160       0x1a USB_DEVICE/App/usbd_desc.o
                0x0000000020000160                USBD_StringSerial
                0x000000002000017c                . = ALIGN (0x4)
 *fill*         0x000000002000017a        0x2 
                0x000000002000017c                _edata = .

.igot.plt       0x000000002000017c        0x0 load address 0x00000000080080e0
 .igot.plt      0x000000002000017c        0x0 c:/st/stm32cubeide_1.4.0/stm32cubeide/plugins/com.st.stm32cube.ide.mcu.externaltools.gnu-tools-for-stm32.7-2018-q2-update.win32_1.4.0.202007081208/tools/bin/../lib/gcc/arm-none-eabi/7.3.1/thumb/v7-m/crtbegin.o
                0x000000002000017c                . = ALIGN (0x4)

.bss            0x000000002000017c     0x1230 load address 0x00000000080080e0
                0x000000002000017c                _sbss = .
                0x000000002000017c                __bss_start__ = _sbss
 *(.bss)
 .bss           0x000000002000017c       0x1c c:/st/stm32cubeide_1.4.0/stm32cubeide/plugins/com.st.stm32cube.ide.mcu.externaltools.gnu-tools-for-stm32.7-2018-q2-update.win32_1.4.0.202007081208/tools/bin/../lib/gcc/arm-none-eabi/7.3.1/thumb/v7-m/crtbegin.o
 *(.bss*)
 .bss.trig      0x0000000020000198        0x1 Core/Src/main.o
                0x0000000020000198                trig
 .bss.cfgidx.8001
                0x0000000020000199        0x1 Middlewares/ST/STM32_USB_Device_Library/Core/Src/usbd_ctlreq.o
 *fill*         0x000000002000019a        0x2 
 .bss.mem.8069  0x000000002000019c      0x220 USB_DEVICE/Target/usbd_conf.o
 *(COMMON)
 COMMON         0x00000000200003bc       0x68 Core/Src/main.o
                0x00000000200003bc                hi2c2
                0x0000000020000410                hrtc
 COMMON         0x0000000020000424        0x4 Drivers/STM32F1xx_HAL_Driver/Src/stm32f1xx_hal.o
                0x0000000020000424                uwTick
 COMMON         0x0000000020000428      0x2c4 USB_DEVICE/App/usb_device.o
                0x0000000020000428                hUsbDeviceFS
 COMMON         0x00000000200006ec      0x7d4 USB_DEVICE/App/usbd_cdc_if.o
                0x00000000200006ec                UserRxBufferFS
                0x0000000020000ad4                CDC_Receive_msg
                0x0000000020000ad8                UserTxBufferFS
 COMMON         0x0000000020000ec0      0x200 USB_DEVICE/App/usbd_desc.o
                0x0000000020000ec0                USBD_StrDesc
 COMMON         0x00000000200010c0      0x2ec USB_DEVICE/Target/usbd_conf.o
                0x00000000200010c0                hpcd_USB_FS
                0x00000000200013ac                . = ALIGN (0x4)
                0x00000000200013ac                _ebss = .
                0x00000000200013ac                __bss_end__ = _ebss

._user_heap_stack
                0x00000000200013ac      0x604 load address 0x00000000080080e0
                0x00000000200013b0                . = ALIGN (0x8)
 *fill*         0x00000000200013ac        0x4 
                [!provide]                        PROVIDE (end = .)
                0x00000000200013b0                PROVIDE (_end = .)
                0x00000000200015b0                . = (. + _Min_Heap_Size)
 *fill*         0x00000000200013b0      0x200 
                0x00000000200019b0                . = (. + _Min_Stack_Size)
 *fill*         0x00000000200015b0      0x400 
                0x00000000200019b0                . = ALIGN (0x8)

/DISCARD/
 libc.a(*)
 libm.a(*)
 libgcc.a(*)

.ARM.attributes
                0x0000000000000000       0x29
 *(.ARM.attributes)
 .ARM.attributes
                0x0000000000000000       0x1d c:/st/stm32cubeide_1.4.0/stm32cubeide/plugins/com.st.stm32cube.ide.mcu.externaltools.gnu-tools-for-stm32.7-2018-q2-update.win32_1.4.0.202007081208/tools/bin/../lib/gcc/arm-none-eabi/7.3.1/thumb/v7-m/crti.o
 .ARM.attributes
                0x000000000000001d       0x2d c:/st/stm32cubeide_1.4.0/stm32cubeide/plugins/com.st.stm32cube.ide.mcu.externaltools.gnu-tools-for-stm32.7-2018-q2-update.win32_1.4.0.202007081208/tools/bin/../lib/gcc/arm-none-eabi/7.3.1/thumb/v7-m/crtbegin.o
 .ARM.attributes
                0x000000000000004a       0x33 Core/Src/main.o
 .ARM.attributes
                0x000000000000007d       0x33 Core/Src/stm32f1xx_hal_msp.o
 .ARM.attributes
                0x00000000000000b0       0x33 Core/Src/stm32f1xx_it.o
 .ARM.attributes
                0x00000000000000e3       0x33 Core/Src/system_stm32f1xx.o
 .ARM.attributes
                0x0000000000000116       0x33 Core/Src/tm1637.o
 .ARM.attributes
                0x0000000000000149       0x21 Core/Startup/startup_stm32f103c8tx.o
 .ARM.attributes
                0x000000000000016a       0x33 Drivers/STM32F1xx_HAL_Driver/Src/stm32f1xx_hal.o
 .ARM.attributes
                0x000000000000019d       0x33 Drivers/STM32F1xx_HAL_Driver/Src/stm32f1xx_hal_cortex.o
 .ARM.attributes
                0x00000000000001d0       0x33 Drivers/STM32F1xx_HAL_Driver/Src/stm32f1xx_hal_gpio.o
 .ARM.attributes
                0x0000000000000203       0x33 Drivers/STM32F1xx_HAL_Driver/Src/stm32f1xx_hal_i2c.o
 .ARM.attributes
                0x0000000000000236       0x33 Drivers/STM32F1xx_HAL_Driver/Src/stm32f1xx_hal_pcd.o
 .ARM.attributes
                0x0000000000000269       0x33 Drivers/STM32F1xx_HAL_Driver/Src/stm32f1xx_hal_pcd_ex.o
 .ARM.attributes
                0x000000000000029c       0x33 Drivers/STM32F1xx_HAL_Driver/Src/stm32f1xx_hal_pwr.o
 .ARM.attributes
                0x00000000000002cf       0x33 Drivers/STM32F1xx_HAL_Driver/Src/stm32f1xx_hal_rcc.o
 .ARM.attributes
                0x0000000000000302       0x33 Drivers/STM32F1xx_HAL_Driver/Src/stm32f1xx_hal_rcc_ex.o
 .ARM.attributes
                0x0000000000000335       0x33 Drivers/STM32F1xx_HAL_Driver/Src/stm32f1xx_hal_rtc.o
 .ARM.attributes
                0x0000000000000368       0x33 Drivers/STM32F1xx_HAL_Driver/Src/stm32f1xx_ll_usb.o
 .ARM.attributes
                0x000000000000039b       0x33 Middlewares/ST/STM32_USB_Device_Library/Class/CDC/Src/usbd_cdc.o
 .ARM.attributes
                0x00000000000003ce       0x33 Middlewares/ST/STM32_USB_Device_Library/Core/Src/usbd_core.o
 .ARM.attributes
                0x0000000000000401       0x33 Middlewares/ST/STM32_USB_Device_Library/Core/Src/usbd_ctlreq.o
 .ARM.attributes
                0x0000000000000434       0x33 Middlewares/ST/STM32_USB_Device_Library/Core/Src/usbd_ioreq.o
 .ARM.attributes
                0x0000000000000467       0x33 USB_DEVICE/App/usb_device.o
 .ARM.attributes
                0x000000000000049a       0x33 USB_DEVICE/App/usbd_cdc_if.o
 .ARM.attributes
                0x00000000000004cd       0x33 USB_DEVICE/App/usbd_desc.o
 .ARM.attributes
                0x0000000000000500       0x33 USB_DEVICE/Target/usbd_conf.o
 .ARM.attributes
                0x0000000000000533       0x2d c:/st/stm32cubeide_1.4.0/stm32cubeide/plugins/com.st.stm32cube.ide.mcu.externaltools.gnu-tools-for-stm32.7-2018-q2-update.win32_1.4.0.202007081208/tools/bin/../lib/gcc/arm-none-eabi/7.3.1/../../../../arm-none-eabi/lib/thumb/v7-m\libc_nano.a(lib_a-init.o)
 .ARM.attributes
                0x0000000000000560       0x2d c:/st/stm32cubeide_1.4.0/stm32cubeide/plugins/com.st.stm32cube.ide.mcu.externaltools.gnu-tools-for-stm32.7-2018-q2-update.win32_1.4.0.202007081208/tools/bin/../lib/gcc/arm-none-eabi/7.3.1/../../../../arm-none-eabi/lib/thumb/v7-m\libc_nano.a(lib_a-memset.o)
 .ARM.attributes
                0x000000000000058d       0x1d c:/st/stm32cubeide_1.4.0/stm32cubeide/plugins/com.st.stm32cube.ide.mcu.externaltools.gnu-tools-for-stm32.7-2018-q2-update.win32_1.4.0.202007081208/tools/bin/../lib/gcc/arm-none-eabi/7.3.1/thumb/v7-m/crtn.o
OUTPUT(disp4.elf elf32-littlearm)

.debug_info     0x0000000000000000    0x15a39
 .debug_info    0x0000000000000000     0x18e3 Core/Src/main.o
 .debug_info    0x00000000000018e3      0xadb Core/Src/stm32f1xx_hal_msp.o
 .debug_info    0x00000000000023be      0x6a8 Core/Src/stm32f1xx_it.o
 .debug_info    0x0000000000002a66      0x29a Core/Src/system_stm32f1xx.o
 .debug_info    0x0000000000002d00      0x672 Core/Src/tm1637.o
 .debug_info    0x0000000000003372       0x22 Core/Startup/startup_stm32f103c8tx.o
 .debug_info    0x0000000000003394      0x714 Drivers/STM32F1xx_HAL_Driver/Src/stm32f1xx_hal.o
 .debug_info    0x0000000000003aa8      0xb51 Drivers/STM32F1xx_HAL_Driver/Src/stm32f1xx_hal_cortex.o
 .debug_info    0x00000000000045f9      0x69b Drivers/STM32F1xx_HAL_Driver/Src/stm32f1xx_hal_gpio.o
 .debug_info    0x0000000000004c94     0x256e Drivers/STM32F1xx_HAL_Driver/Src/stm32f1xx_hal_i2c.o
 .debug_info    0x0000000000007202     0x13f3 Drivers/STM32F1xx_HAL_Driver/Src/stm32f1xx_hal_pcd.o
 .debug_info    0x00000000000085f5      0x787 Drivers/STM32F1xx_HAL_Driver/Src/stm32f1xx_hal_pcd_ex.o
 .debug_info    0x0000000000008d7c      0x6e2 Drivers/STM32F1xx_HAL_Driver/Src/stm32f1xx_hal_pwr.o
 .debug_info    0x000000000000945e      0x80f Drivers/STM32F1xx_HAL_Driver/Src/stm32f1xx_hal_rcc.o
 .debug_info    0x0000000000009c6d      0x444 Drivers/STM32F1xx_HAL_Driver/Src/stm32f1xx_hal_rcc_ex.o
 .debug_info    0x000000000000a0b1      0xd2f Drivers/STM32F1xx_HAL_Driver/Src/stm32f1xx_hal_rtc.o
 .debug_info    0x000000000000ade0     0x18b3 Drivers/STM32F1xx_HAL_Driver/Src/stm32f1xx_ll_usb.o
 .debug_info    0x000000000000c693     0x17b8 Middlewares/ST/STM32_USB_Device_Library/Class/CDC/Src/usbd_cdc.o
 .debug_info    0x000000000000de4b     0x11d2 Middlewares/ST/STM32_USB_Device_Library/Core/Src/usbd_core.o
 .debug_info    0x000000000000f01d     0x1142 Middlewares/ST/STM32_USB_Device_Library/Core/Src/usbd_ctlreq.o
 .debug_info    0x000000000001015f      0xf33 Middlewares/ST/STM32_USB_Device_Library/Core/Src/usbd_ioreq.o
 .debug_info    0x0000000000011092      0xe86 USB_DEVICE/App/usb_device.o
 .debug_info    0x0000000000011f18     0x104e USB_DEVICE/App/usbd_cdc_if.o
 .debug_info    0x0000000000012f66      0xd17 USB_DEVICE/App/usbd_desc.o
 .debug_info    0x0000000000013c7d     0x1dbc USB_DEVICE/Target/usbd_conf.o

.debug_abbrev   0x0000000000000000     0x3259
 .debug_abbrev  0x0000000000000000      0x29e Core/Src/main.o
 .debug_abbrev  0x000000000000029e      0x1a6 Core/Src/stm32f1xx_hal_msp.o
 .debug_abbrev  0x0000000000000444      0x155 Core/Src/stm32f1xx_it.o
 .debug_abbrev  0x0000000000000599      0x134 Core/Src/system_stm32f1xx.o
 .debug_abbrev  0x00000000000006cd      0x1fc Core/Src/tm1637.o
 .debug_abbrev  0x00000000000008c9       0x12 Core/Startup/startup_stm32f103c8tx.o
 .debug_abbrev  0x00000000000008db      0x1c7 Drivers/STM32F1xx_HAL_Driver/Src/stm32f1xx_hal.o
 .debug_abbrev  0x0000000000000aa2      0x2d5 Drivers/STM32F1xx_HAL_Driver/Src/stm32f1xx_hal_cortex.o
 .debug_abbrev  0x0000000000000d77      0x1c0 Drivers/STM32F1xx_HAL_Driver/Src/stm32f1xx_hal_gpio.o
 .debug_abbrev  0x0000000000000f37      0x258 Drivers/STM32F1xx_HAL_Driver/Src/stm32f1xx_hal_i2c.o
 .debug_abbrev  0x000000000000118f      0x268 Drivers/STM32F1xx_HAL_Driver/Src/stm32f1xx_hal_pcd.o
 .debug_abbrev  0x00000000000013f7      0x188 Drivers/STM32F1xx_HAL_Driver/Src/stm32f1xx_hal_pcd_ex.o
 .debug_abbrev  0x000000000000157f      0x1f2 Drivers/STM32F1xx_HAL_Driver/Src/stm32f1xx_hal_pwr.o
 .debug_abbrev  0x0000000000001771      0x243 Drivers/STM32F1xx_HAL_Driver/Src/stm32f1xx_hal_rcc.o
 .debug_abbrev  0x00000000000019b4      0x175 Drivers/STM32F1xx_HAL_Driver/Src/stm32f1xx_hal_rcc_ex.o
 .debug_abbrev  0x0000000000001b29      0x20a Drivers/STM32F1xx_HAL_Driver/Src/stm32f1xx_hal_rtc.o
 .debug_abbrev  0x0000000000001d33      0x1d2 Drivers/STM32F1xx_HAL_Driver/Src/stm32f1xx_ll_usb.o
 .debug_abbrev  0x0000000000001f05      0x2b6 Middlewares/ST/STM32_USB_Device_Library/Class/CDC/Src/usbd_cdc.o
 .debug_abbrev  0x00000000000021bb      0x270 Middlewares/ST/STM32_USB_Device_Library/Core/Src/usbd_core.o
 .debug_abbrev  0x000000000000242b      0x2a0 Middlewares/ST/STM32_USB_Device_Library/Core/Src/usbd_ctlreq.o
 .debug_abbrev  0x00000000000026cb      0x1e0 Middlewares/ST/STM32_USB_Device_Library/Core/Src/usbd_ioreq.o
 .debug_abbrev  0x00000000000028ab      0x1be USB_DEVICE/App/usb_device.o
 .debug_abbrev  0x0000000000002a69      0x285 USB_DEVICE/App/usbd_cdc_if.o
 .debug_abbrev  0x0000000000002cee      0x290 USB_DEVICE/App/usbd_desc.o
 .debug_abbrev  0x0000000000002f7e      0x2db USB_DEVICE/Target/usbd_conf.o

.debug_aranges  0x0000000000000000      0xfa0
 .debug_aranges
                0x0000000000000000       0x50 Core/Src/main.o
 .debug_aranges
                0x0000000000000050       0x40 Core/Src/stm32f1xx_hal_msp.o
 .debug_aranges
                0x0000000000000090       0x68 Core/Src/stm32f1xx_it.o
 .debug_aranges
                0x00000000000000f8       0x28 Core/Src/system_stm32f1xx.o
 .debug_aranges
                0x0000000000000120       0xc8 Core/Src/tm1637.o
 .debug_aranges
                0x00000000000001e8       0x28 Core/Startup/startup_stm32f103c8tx.o
 .debug_aranges
                0x0000000000000210       0xe0 Drivers/STM32F1xx_HAL_Driver/Src/stm32f1xx_hal.o
 .debug_aranges
                0x00000000000002f0      0x100 Drivers/STM32F1xx_HAL_Driver/Src/stm32f1xx_hal_cortex.o
 .debug_aranges
                0x00000000000003f0       0x58 Drivers/STM32F1xx_HAL_Driver/Src/stm32f1xx_hal_gpio.o
 .debug_aranges
                0x0000000000000448      0x2a0 Drivers/STM32F1xx_HAL_Driver/Src/stm32f1xx_hal_i2c.o
 .debug_aranges
                0x00000000000006e8      0x138 Drivers/STM32F1xx_HAL_Driver/Src/stm32f1xx_hal_pcd.o
 .debug_aranges
                0x0000000000000820       0x38 Drivers/STM32F1xx_HAL_Driver/Src/stm32f1xx_hal_pcd_ex.o
 .debug_aranges
                0x0000000000000858       0xa8 Drivers/STM32F1xx_HAL_Driver/Src/stm32f1xx_hal_pwr.o
 .debug_aranges
                0x0000000000000900       0x90 Drivers/STM32F1xx_HAL_Driver/Src/stm32f1xx_hal_rcc.o
 .debug_aranges
                0x0000000000000990       0x30 Drivers/STM32F1xx_HAL_Driver/Src/stm32f1xx_hal_rcc_ex.o
 .debug_aranges
                0x00000000000009c0       0xf8 Drivers/STM32F1xx_HAL_Driver/Src/stm32f1xx_hal_rtc.o
 .debug_aranges
                0x0000000000000ab8       0xf0 Drivers/STM32F1xx_HAL_Driver/Src/stm32f1xx_ll_usb.o
 .debug_aranges
                0x0000000000000ba8       0x90 Middlewares/ST/STM32_USB_Device_Library/Class/CDC/Src/usbd_cdc.o
 .debug_aranges
                0x0000000000000c38       0xb8 Middlewares/ST/STM32_USB_Device_Library/Core/Src/usbd_core.o
 .debug_aranges
                0x0000000000000cf0       0x88 Middlewares/ST/STM32_USB_Device_Library/Core/Src/usbd_ctlreq.o
 .debug_aranges
                0x0000000000000d78       0x50 Middlewares/ST/STM32_USB_Device_Library/Core/Src/usbd_ioreq.o
 .debug_aranges
                0x0000000000000dc8       0x20 USB_DEVICE/App/usb_device.o
 .debug_aranges
                0x0000000000000de8       0x40 USB_DEVICE/App/usbd_cdc_if.o
 .debug_aranges
                0x0000000000000e28       0x60 USB_DEVICE/App/usbd_desc.o
 .debug_aranges
                0x0000000000000e88      0x118 USB_DEVICE/Target/usbd_conf.o

.debug_ranges   0x0000000000000000      0xe40
 .debug_ranges  0x0000000000000000       0x40 Core/Src/main.o
 .debug_ranges  0x0000000000000040       0x30 Core/Src/stm32f1xx_hal_msp.o
 .debug_ranges  0x0000000000000070       0x58 Core/Src/stm32f1xx_it.o
 .debug_ranges  0x00000000000000c8       0x18 Core/Src/system_stm32f1xx.o
 .debug_ranges  0x00000000000000e0       0xb8 Core/Src/tm1637.o
 .debug_ranges  0x0000000000000198       0x20 Core/Startup/startup_stm32f103c8tx.o
 .debug_ranges  0x00000000000001b8       0xd0 Drivers/STM32F1xx_HAL_Driver/Src/stm32f1xx_hal.o
 .debug_ranges  0x0000000000000288       0xf0 Drivers/STM32F1xx_HAL_Driver/Src/stm32f1xx_hal_cortex.o
 .debug_ranges  0x0000000000000378       0x48 Drivers/STM32F1xx_HAL_Driver/Src/stm32f1xx_hal_gpio.o
 .debug_ranges  0x00000000000003c0      0x2b8 Drivers/STM32F1xx_HAL_Driver/Src/stm32f1xx_hal_i2c.o
 .debug_ranges  0x0000000000000678      0x128 Drivers/STM32F1xx_HAL_Driver/Src/stm32f1xx_hal_pcd.o
 .debug_ranges  0x00000000000007a0       0x28 Drivers/STM32F1xx_HAL_Driver/Src/stm32f1xx_hal_pcd_ex.o
 .debug_ranges  0x00000000000007c8       0x98 Drivers/STM32F1xx_HAL_Driver/Src/stm32f1xx_hal_pwr.o
 .debug_ranges  0x0000000000000860       0x80 Drivers/STM32F1xx_HAL_Driver/Src/stm32f1xx_hal_rcc.o
 .debug_ranges  0x00000000000008e0       0x20 Drivers/STM32F1xx_HAL_Driver/Src/stm32f1xx_hal_rcc_ex.o
 .debug_ranges  0x0000000000000900       0xe8 Drivers/STM32F1xx_HAL_Driver/Src/stm32f1xx_hal_rtc.o
 .debug_ranges  0x00000000000009e8       0xe0 Drivers/STM32F1xx_HAL_Driver/Src/stm32f1xx_ll_usb.o
 .debug_ranges  0x0000000000000ac8       0x80 Middlewares/ST/STM32_USB_Device_Library/Class/CDC/Src/usbd_cdc.o
 .debug_ranges  0x0000000000000b48       0xa8 Middlewares/ST/STM32_USB_Device_Library/Core/Src/usbd_core.o
 .debug_ranges  0x0000000000000bf0       0x78 Middlewares/ST/STM32_USB_Device_Library/Core/Src/usbd_ctlreq.o
 .debug_ranges  0x0000000000000c68       0x40 Middlewares/ST/STM32_USB_Device_Library/Core/Src/usbd_ioreq.o
 .debug_ranges  0x0000000000000ca8       0x10 USB_DEVICE/App/usb_device.o
 .debug_ranges  0x0000000000000cb8       0x30 USB_DEVICE/App/usbd_cdc_if.o
 .debug_ranges  0x0000000000000ce8       0x50 USB_DEVICE/App/usbd_desc.o
 .debug_ranges  0x0000000000000d38      0x108 USB_DEVICE/Target/usbd_conf.o

.debug_macro    0x0000000000000000    0x1a62f
 .debug_macro   0x0000000000000000      0x40b Core/Src/main.o
 .debug_macro   0x000000000000040b      0xa5a Core/Src/main.o
 .debug_macro   0x0000000000000e65      0x221 Core/Src/main.o
 .debug_macro   0x0000000000001086       0x2e Core/Src/main.o
 .debug_macro   0x00000000000010b4       0x22 Core/Src/main.o
 .debug_macro   0x00000000000010d6       0x22 Core/Src/main.o
 .debug_macro   0x00000000000010f8       0x8e Core/Src/main.o
 .debug_macro   0x0000000000001186       0x51 Core/Src/main.o
 .debug_macro   0x00000000000011d7       0xef Core/Src/main.o
 .debug_macro   0x00000000000012c6       0x6a Core/Src/main.o
 .debug_macro   0x0000000000001330      0x1df Core/Src/main.o
 .debug_macro   0x000000000000150f       0x1c Core/Src/main.o
 .debug_macro   0x000000000000152b       0x22 Core/Src/main.o
 .debug_macro   0x000000000000154d       0xc3 Core/Src/main.o
 .debug_macro   0x0000000000001610      0xd23 Core/Src/main.o
 .debug_macro   0x0000000000002333     0xe09e Core/Src/main.o
 .debug_macro   0x00000000000103d1       0x6d Core/Src/main.o
 .debug_macro   0x000000000001043e     0x3468 Core/Src/main.o
 .debug_macro   0x00000000000138a6      0x174 Core/Src/main.o
 .debug_macro   0x0000000000013a1a       0x5c Core/Src/main.o
 .debug_macro   0x0000000000013a76      0x5be Core/Src/main.o
 .debug_macro   0x0000000000014034      0x289 Core/Src/main.o
 .debug_macro   0x00000000000142bd      0x1cb Core/Src/main.o
 .debug_macro   0x0000000000014488      0x114 Core/Src/main.o
 .debug_macro   0x000000000001459c      0x1b2 Core/Src/main.o
 .debug_macro   0x000000000001474e       0x27 Core/Src/main.o
 .debug_macro   0x0000000000014775      0x136 Core/Src/main.o
 .debug_macro   0x00000000000148ab      0x1bc Core/Src/main.o
 .debug_macro   0x0000000000014a67       0x34 Core/Src/main.o
 .debug_macro   0x0000000000014a9b       0x3c Core/Src/main.o
 .debug_macro   0x0000000000014ad7       0x57 Core/Src/main.o
 .debug_macro   0x0000000000014b2e       0x88 Core/Src/main.o
 .debug_macro   0x0000000000014bb6      0x241 Core/Src/main.o
 .debug_macro   0x0000000000014df7      0x287 Core/Src/main.o
 .debug_macro   0x000000000001507e      0x141 Core/Src/main.o
 .debug_macro   0x00000000000151bf      0x1ef Core/Src/main.o
 .debug_macro   0x00000000000153ae       0xec Core/Src/main.o
 .debug_macro   0x000000000001549a       0x65 Core/Src/main.o
 .debug_macro   0x00000000000154ff      0x249 Core/Src/main.o
 .debug_macro   0x0000000000015748       0x83 Core/Src/main.o
 .debug_macro   0x00000000000157cb       0x28 Core/Src/main.o
 .debug_macro   0x00000000000157f3       0x46 Core/Src/main.o
 .debug_macro   0x0000000000015839       0x18 Core/Src/main.o
 .debug_macro   0x0000000000015851       0x3c Core/Src/main.o
 .debug_macro   0x000000000001588d       0x34 Core/Src/main.o
 .debug_macro   0x00000000000158c1       0x16 Core/Src/main.o
 .debug_macro   0x00000000000158d7       0x35 Core/Src/main.o
 .debug_macro   0x000000000001590c      0x32a Core/Src/main.o
 .debug_macro   0x0000000000015c36       0x10 Core/Src/main.o
 .debug_macro   0x0000000000015c46       0x52 Core/Src/main.o
 .debug_macro   0x0000000000015c98       0x1f Core/Src/main.o
 .debug_macro   0x0000000000015cb7       0x43 Core/Src/main.o
 .debug_macro   0x0000000000015cfa       0x20 Core/Src/main.o
 .debug_macro   0x0000000000015d1a      0x1a3 Core/Src/main.o
 .debug_macro   0x0000000000015ebd       0x10 Core/Src/main.o
 .debug_macro   0x0000000000015ecd       0x1c Core/Src/main.o
 .debug_macro   0x0000000000015ee9       0x52 Core/Src/main.o
 .debug_macro   0x0000000000015f3b       0x40 Core/Src/main.o
 .debug_macro   0x0000000000015f7b       0x10 Core/Src/main.o
 .debug_macro   0x0000000000015f8b       0x40 Core/Src/main.o
 .debug_macro   0x0000000000015fcb       0xd7 Core/Src/main.o
 .debug_macro   0x00000000000160a2       0x1c Core/Src/main.o
 .debug_macro   0x00000000000160be       0x3d Core/Src/main.o
 .debug_macro   0x00000000000160fb       0x16 Core/Src/main.o
 .debug_macro   0x0000000000016111      0x145 Core/Src/main.o
 .debug_macro   0x0000000000016256       0x16 Core/Src/main.o
 .debug_macro   0x000000000001626c       0x16 Core/Src/main.o
 .debug_macro   0x0000000000016282       0x29 Core/Src/main.o
 .debug_macro   0x00000000000162ab       0x16 Core/Src/main.o
 .debug_macro   0x00000000000162c1       0x20 Core/Src/main.o
 .debug_macro   0x00000000000162e1       0x60 Core/Src/main.o
 .debug_macro   0x0000000000016341      0x1c8 Core/Src/main.o
 .debug_macro   0x0000000000016509       0x8f Core/Src/main.o
 .debug_macro   0x0000000000016598       0x10 Core/Src/main.o
 .debug_macro   0x00000000000165a8      0x1d5 Core/Src/stm32f1xx_hal_msp.o
 .debug_macro   0x000000000001677d      0x1df Core/Src/stm32f1xx_it.o
 .debug_macro   0x000000000001695c      0x1c6 Core/Src/system_stm32f1xx.o
 .debug_macro   0x0000000000016b22      0x209 Core/Src/tm1637.o
 .debug_macro   0x0000000000016d2b       0x2e Core/Src/tm1637.o
 .debug_macro   0x0000000000016d59      0x1ea Drivers/STM32F1xx_HAL_Driver/Src/stm32f1xx_hal.o
 .debug_macro   0x0000000000016f43      0x1c6 Drivers/STM32F1xx_HAL_Driver/Src/stm32f1xx_hal_cortex.o
 .debug_macro   0x0000000000017109      0x231 Drivers/STM32F1xx_HAL_Driver/Src/stm32f1xx_hal_gpio.o
 .debug_macro   0x000000000001733a      0x20d Drivers/STM32F1xx_HAL_Driver/Src/stm32f1xx_hal_i2c.o
 .debug_macro   0x0000000000017547      0x1d2 Drivers/STM32F1xx_HAL_Driver/Src/stm32f1xx_hal_pcd.o
 .debug_macro   0x0000000000017719      0x1c6 Drivers/STM32F1xx_HAL_Driver/Src/stm32f1xx_hal_pcd_ex.o
 .debug_macro   0x00000000000178df      0x226 Drivers/STM32F1xx_HAL_Driver/Src/stm32f1xx_hal_pwr.o
 .debug_macro   0x0000000000017b05      0x1d8 Drivers/STM32F1xx_HAL_Driver/Src/stm32f1xx_hal_rcc.o
 .debug_macro   0x0000000000017cdd      0x1c6 Drivers/STM32F1xx_HAL_Driver/Src/stm32f1xx_hal_rcc_ex.o
 .debug_macro   0x0000000000017ea3      0x1d5 Drivers/STM32F1xx_HAL_Driver/Src/stm32f1xx_hal_rtc.o
 .debug_macro   0x0000000000018078      0x1c6 Drivers/STM32F1xx_HAL_Driver/Src/stm32f1xx_ll_usb.o
 .debug_macro   0x000000000001823e      0x3e2 Middlewares/ST/STM32_USB_Device_Library/Class/CDC/Src/usbd_cdc.o
 .debug_macro   0x0000000000018620       0x97 Middlewares/ST/STM32_USB_Device_Library/Class/CDC/Src/usbd_cdc.o
 .debug_macro   0x00000000000186b7       0xfd Middlewares/ST/STM32_USB_Device_Library/Class/CDC/Src/usbd_cdc.o
 .debug_macro   0x00000000000187b4       0xbd Middlewares/ST/STM32_USB_Device_Library/Class/CDC/Src/usbd_cdc.o
 .debug_macro   0x0000000000018871       0x56 Middlewares/ST/STM32_USB_Device_Library/Class/CDC/Src/usbd_cdc.o
 .debug_macro   0x00000000000188c7      0x3c9 Middlewares/ST/STM32_USB_Device_Library/Core/Src/usbd_core.o
 .debug_macro   0x0000000000018c90      0x1ce Middlewares/ST/STM32_USB_Device_Library/Core/Src/usbd_core.o
 .debug_macro   0x0000000000018e5e      0x3d3 Middlewares/ST/STM32_USB_Device_Library/Core/Src/usbd_ctlreq.o
 .debug_macro   0x0000000000019231      0x3cf Middlewares/ST/STM32_USB_Device_Library/Core/Src/usbd_ioreq.o
 .debug_macro   0x0000000000019600      0x402 USB_DEVICE/App/usb_device.o
 .debug_macro   0x0000000000019a02       0x22 USB_DEVICE/App/usb_device.o
 .debug_macro   0x0000000000019a24       0x16 USB_DEVICE/App/usb_device.o
 .debug_macro   0x0000000000019a3a      0x3ed USB_DEVICE/App/usbd_cdc_if.o
 .debug_macro   0x0000000000019e27      0x406 USB_DEVICE/App/usbd_desc.o
 .debug_macro   0x000000000001a22d       0x1c USB_DEVICE/App/usbd_desc.o
 .debug_macro   0x000000000001a249      0x3e6 USB_DEVICE/Target/usbd_conf.o

.debug_line     0x0000000000000000    0x10213
 .debug_line    0x0000000000000000      0xab5 Core/Src/main.o
 .debug_line    0x0000000000000ab5      0x714 Core/Src/stm32f1xx_hal_msp.o
 .debug_line    0x00000000000011c9      0x773 Core/Src/stm32f1xx_it.o
 .debug_line    0x000000000000193c      0x6e5 Core/Src/system_stm32f1xx.o
 .debug_line    0x0000000000002021      0xba9 Core/Src/tm1637.o
 .debug_line    0x0000000000002bca       0x87 Core/Startup/startup_stm32f103c8tx.o
 .debug_line    0x0000000000002c51      0x898 Drivers/STM32F1xx_HAL_Driver/Src/stm32f1xx_hal.o
 .debug_line    0x00000000000034e9      0x96f Drivers/STM32F1xx_HAL_Driver/Src/stm32f1xx_hal_cortex.o
 .debug_line    0x0000000000003e58      0x894 Drivers/STM32F1xx_HAL_Driver/Src/stm32f1xx_hal_gpio.o
 .debug_line    0x00000000000046ec     0x1caa Drivers/STM32F1xx_HAL_Driver/Src/stm32f1xx_hal_i2c.o
 .debug_line    0x0000000000006396      0xd5d Drivers/STM32F1xx_HAL_Driver/Src/stm32f1xx_hal_pcd.o
 .debug_line    0x00000000000070f3      0x709 Drivers/STM32F1xx_HAL_Driver/Src/stm32f1xx_hal_pcd_ex.o
 .debug_line    0x00000000000077fc      0x83b Drivers/STM32F1xx_HAL_Driver/Src/stm32f1xx_hal_pwr.o
 .debug_line    0x0000000000008037      0x958 Drivers/STM32F1xx_HAL_Driver/Src/stm32f1xx_hal_rcc.o
 .debug_line    0x000000000000898f      0x776 Drivers/STM32F1xx_HAL_Driver/Src/stm32f1xx_hal_rcc_ex.o
 .debug_line    0x0000000000009105      0xb43 Drivers/STM32F1xx_HAL_Driver/Src/stm32f1xx_hal_rtc.o
 .debug_line    0x0000000000009c48      0xdae Drivers/STM32F1xx_HAL_Driver/Src/stm32f1xx_ll_usb.o
 .debug_line    0x000000000000a9f6      0xb74 Middlewares/ST/STM32_USB_Device_Library/Class/CDC/Src/usbd_cdc.o
 .debug_line    0x000000000000b56a      0xbaf Middlewares/ST/STM32_USB_Device_Library/Core/Src/usbd_core.o
 .debug_line    0x000000000000c119      0xc38 Middlewares/ST/STM32_USB_Device_Library/Core/Src/usbd_ctlreq.o
 .debug_line    0x000000000000cd51      0xa18 Middlewares/ST/STM32_USB_Device_Library/Core/Src/usbd_ioreq.o
 .debug_line    0x000000000000d769      0x9fa USB_DEVICE/App/usb_device.o
 .debug_line    0x000000000000e163      0xa2e USB_DEVICE/App/usbd_cdc_if.o
 .debug_line    0x000000000000eb91      0xa4c USB_DEVICE/App/usbd_desc.o
 .debug_line    0x000000000000f5dd      0xc36 USB_DEVICE/Target/usbd_conf.o

.debug_str      0x0000000000000000    0x89b9b
 .debug_str     0x0000000000000000    0x85df4 Core/Src/main.o
                                      0x86301 (size before relaxing)
 .debug_str     0x0000000000085df4       0xa3 Core/Src/stm32f1xx_hal_msp.o
                                      0x80e50 (size before relaxing)
 .debug_str     0x0000000000085e97      0x39e Core/Src/stm32f1xx_it.o
                                      0x80bd1 (size before relaxing)
 .debug_str     0x0000000000086235       0x52 Core/Src/system_stm32f1xx.o
                                      0x807a5 (size before relaxing)
 .debug_str     0x0000000000086287      0x392 Core/Src/tm1637.o
                                      0x80bc8 (size before relaxing)
 .debug_str     0x0000000000086619       0x36 Core/Startup/startup_stm32f103c8tx.o
                                         0x6e (size before relaxing)
 .debug_str     0x000000000008664f      0x55e Drivers/STM32F1xx_HAL_Driver/Src/stm32f1xx_hal.o
                                      0x80e36 (size before relaxing)
 .debug_str     0x0000000000086bad      0x2d8 Drivers/STM32F1xx_HAL_Driver/Src/stm32f1xx_hal_cortex.o
                                      0x80e3e (size before relaxing)
 .debug_str     0x0000000000086e85      0x324 Drivers/STM32F1xx_HAL_Driver/Src/stm32f1xx_hal_gpio.o
                                      0x80b69 (size before relaxing)
 .debug_str     0x00000000000871a9      0xb3d Drivers/STM32F1xx_HAL_Driver/Src/stm32f1xx_hal_i2c.o
                                      0x817e1 (size before relaxing)
 .debug_str     0x0000000000087ce6      0x3e5 Drivers/STM32F1xx_HAL_Driver/Src/stm32f1xx_hal_pcd.o
                                      0x80ef8 (size before relaxing)
 .debug_str     0x00000000000880cb      0x18d Drivers/STM32F1xx_HAL_Driver/Src/stm32f1xx_hal_pcd_ex.o
                                      0x80c45 (size before relaxing)
 .debug_str     0x0000000000088258      0x507 Drivers/STM32F1xx_HAL_Driver/Src/stm32f1xx_hal_pwr.o
                                      0x80d08 (size before relaxing)
 .debug_str     0x000000000008875f      0x238 Drivers/STM32F1xx_HAL_Driver/Src/stm32f1xx_hal_rcc.o
                                      0x80ba2 (size before relaxing)
 .debug_str     0x0000000000088997       0xb9 Drivers/STM32F1xx_HAL_Driver/Src/stm32f1xx_hal_rcc_ex.o
                                      0x8092f (size before relaxing)
 .debug_str     0x0000000000088a50      0x365 Drivers/STM32F1xx_HAL_Driver/Src/stm32f1xx_hal_rtc.o
                                      0x80cb5 (size before relaxing)
 .debug_str     0x0000000000088db5      0x2ad Drivers/STM32F1xx_HAL_Driver/Src/stm32f1xx_ll_usb.o
                                      0x80c78 (size before relaxing)
 .debug_str     0x0000000000089062      0x293 Middlewares/ST/STM32_USB_Device_Library/Class/CDC/Src/usbd_cdc.o
                                      0x86027 (size before relaxing)
 .debug_str     0x00000000000892f5      0x1b5 Middlewares/ST/STM32_USB_Device_Library/Core/Src/usbd_core.o
                                      0x85922 (size before relaxing)
 .debug_str     0x00000000000894aa      0x134 Middlewares/ST/STM32_USB_Device_Library/Core/Src/usbd_ctlreq.o
                                      0x858a8 (size before relaxing)
 .debug_str     0x00000000000895de       0xc9 Middlewares/ST/STM32_USB_Device_Library/Core/Src/usbd_ioreq.o
                                      0x85830 (size before relaxing)
 .debug_str     0x00000000000896a7       0xc2 USB_DEVICE/App/usb_device.o
                                      0x85ba7 (size before relaxing)
 .debug_str     0x0000000000089769       0x86 USB_DEVICE/App/usbd_cdc_if.o
                                      0x85bdf (size before relaxing)
 .debug_str     0x00000000000897ef      0x258 USB_DEVICE/App/usbd_desc.o
                                      0x8579b (size before relaxing)
 .debug_str     0x0000000000089a47      0x154 USB_DEVICE/Target/usbd_conf.o
                                      0x8644d (size before relaxing)

.comment        0x0000000000000000       0x7b
 .comment       0x0000000000000000       0x7b Core/Src/main.o
                                         0x7c (size before relaxing)
 .comment       0x000000000000007b       0x7c Core/Src/stm32f1xx_hal_msp.o
 .comment       0x000000000000007b       0x7c Core/Src/stm32f1xx_it.o
 .comment       0x000000000000007b       0x7c Core/Src/system_stm32f1xx.o
 .comment       0x000000000000007b       0x7c Core/Src/tm1637.o
 .comment       0x000000000000007b       0x7c Drivers/STM32F1xx_HAL_Driver/Src/stm32f1xx_hal.o
 .comment       0x000000000000007b       0x7c Drivers/STM32F1xx_HAL_Driver/Src/stm32f1xx_hal_cortex.o
 .comment       0x000000000000007b       0x7c Drivers/STM32F1xx_HAL_Driver/Src/stm32f1xx_hal_gpio.o
 .comment       0x000000000000007b       0x7c Drivers/STM32F1xx_HAL_Driver/Src/stm32f1xx_hal_i2c.o
 .comment       0x000000000000007b       0x7c Drivers/STM32F1xx_HAL_Driver/Src/stm32f1xx_hal_pcd.o
 .comment       0x000000000000007b       0x7c Drivers/STM32F1xx_HAL_Driver/Src/stm32f1xx_hal_pcd_ex.o
 .comment       0x000000000000007b       0x7c Drivers/STM32F1xx_HAL_Driver/Src/stm32f1xx_hal_pwr.o
 .comment       0x000000000000007b       0x7c Drivers/STM32F1xx_HAL_Driver/Src/stm32f1xx_hal_rcc.o
 .comment       0x000000000000007b       0x7c Drivers/STM32F1xx_HAL_Driver/Src/stm32f1xx_hal_rcc_ex.o
 .comment       0x000000000000007b       0x7c Drivers/STM32F1xx_HAL_Driver/Src/stm32f1xx_hal_rtc.o
 .comment       0x000000000000007b       0x7c Drivers/STM32F1xx_HAL_Driver/Src/stm32f1xx_ll_usb.o
 .comment       0x000000000000007b       0x7c Middlewares/ST/STM32_USB_Device_Library/Class/CDC/Src/usbd_cdc.o
 .comment       0x000000000000007b       0x7c Middlewares/ST/STM32_USB_Device_Library/Core/Src/usbd_core.o
 .comment       0x000000000000007b       0x7c Middlewares/ST/STM32_USB_Device_Library/Core/Src/usbd_ctlreq.o
 .comment       0x000000000000007b       0x7c Middlewares/ST/STM32_USB_Device_Library/Core/Src/usbd_ioreq.o
 .comment       0x000000000000007b       0x7c USB_DEVICE/App/usb_device.o
 .comment       0x000000000000007b       0x7c USB_DEVICE/App/usbd_cdc_if.o
 .comment       0x000000000000007b       0x7c USB_DEVICE/App/usbd_desc.o
 .comment       0x000000000000007b       0x7c USB_DEVICE/Target/usbd_conf.o

.debug_frame    0x0000000000000000     0x3e90
 .debug_frame   0x0000000000000000       0xf8 Core/Src/main.o
 .debug_frame   0x00000000000000f8       0xcc Core/Src/stm32f1xx_hal_msp.o
 .debug_frame   0x00000000000001c4      0x128 Core/Src/stm32f1xx_it.o
 .debug_frame   0x00000000000002ec       0x58 Core/Src/system_stm32f1xx.o
 .debug_frame   0x0000000000000344      0x2e8 Core/Src/tm1637.o
 .debug_frame   0x000000000000062c      0x334 Drivers/STM32F1xx_HAL_Driver/Src/stm32f1xx_hal.o
 .debug_frame   0x0000000000000960      0x428 Drivers/STM32F1xx_HAL_Driver/Src/stm32f1xx_hal_cortex.o
 .debug_frame   0x0000000000000d88      0x14c Drivers/STM32F1xx_HAL_Driver/Src/stm32f1xx_hal_gpio.o
 .debug_frame   0x0000000000000ed4      0xc5c Drivers/STM32F1xx_HAL_Driver/Src/stm32f1xx_hal_i2c.o
 .debug_frame   0x0000000000001b30      0x578 Drivers/STM32F1xx_HAL_Driver/Src/stm32f1xx_hal_pcd.o
 .debug_frame   0x00000000000020a8       0xb0 Drivers/STM32F1xx_HAL_Driver/Src/stm32f1xx_hal_pcd_ex.o
 .debug_frame   0x0000000000002158      0x270 Drivers/STM32F1xx_HAL_Driver/Src/stm32f1xx_hal_pwr.o
 .debug_frame   0x00000000000023c8      0x21c Drivers/STM32F1xx_HAL_Driver/Src/stm32f1xx_hal_rcc.o
 .debug_frame   0x00000000000025e4       0x84 Drivers/STM32F1xx_HAL_Driver/Src/stm32f1xx_hal_rcc_ex.o
 .debug_frame   0x0000000000002668      0x434 Drivers/STM32F1xx_HAL_Driver/Src/stm32f1xx_hal_rtc.o
 .debug_frame   0x0000000000002a9c      0x450 Drivers/STM32F1xx_HAL_Driver/Src/stm32f1xx_ll_usb.o
 .debug_frame   0x0000000000002eec      0x248 Middlewares/ST/STM32_USB_Device_Library/Class/CDC/Src/usbd_cdc.o
 .debug_frame   0x0000000000003134      0x300 Middlewares/ST/STM32_USB_Device_Library/Core/Src/usbd_core.o
 .debug_frame   0x0000000000003434      0x218 Middlewares/ST/STM32_USB_Device_Library/Core/Src/usbd_ctlreq.o
 .debug_frame   0x000000000000364c      0x10c Middlewares/ST/STM32_USB_Device_Library/Core/Src/usbd_ioreq.o
 .debug_frame   0x0000000000003758       0x2c USB_DEVICE/App/usb_device.o
 .debug_frame   0x0000000000003784       0xbc USB_DEVICE/App/usbd_cdc_if.o
 .debug_frame   0x0000000000003840      0x160 USB_DEVICE/App/usbd_desc.o
 .debug_frame   0x00000000000039a0      0x4a4 USB_DEVICE/Target/usbd_conf.o
 .debug_frame   0x0000000000003e44       0x2c c:/st/stm32cubeide_1.4.0/stm32cubeide/plugins/com.st.stm32cube.ide.mcu.externaltools.gnu-tools-for-stm32.7-2018-q2-update.win32_1.4.0.202007081208/tools/bin/../lib/gcc/arm-none-eabi/7.3.1/../../../../arm-none-eabi/lib/thumb/v7-m\libc_nano.a(lib_a-init.o)
 .debug_frame   0x0000000000003e70       0x20 c:/st/stm32cubeide_1.4.0/stm32cubeide/plugins/com.st.stm32cube.ide.mcu.externaltools.gnu-tools-for-stm32.7-2018-q2-update.win32_1.4.0.202007081208/tools/bin/../lib/gcc/arm-none-eabi/7.3.1/../../../../arm-none-eabi/lib/thumb/v7-m\libc_nano.a(lib_a-memset.o)
