tm1637.c:22:6:tm1637_dio_in	4	static
tm1637.c:30:6:tm1637_dio_out	4	static
tm1637.c:38:6:display_control	24	static
tm1637.c:83:6:start	8	static
tm1637.c:97:6:stop	8	static
tm1637.c:109:6:read_ack	16	static
tm1637.c:141:6:write_byte	24	static
tm1637.c:158:6:send_data	24	static
tm1637.c:172:6:test_cmd	8	static
tm1637.c:465:6:test_cmd3	8	static
tm1637.c:626:6:set_data	16	static
tm1637.c:675:6:set_address	24	static
tm1637.c:756:6:control_display	16	static
tm1637.c:805:6:tm1637_start	8	static
tm1637.c:832:6:tm1637_ack	8	static
tm1637.c:849:6:tm1637_stop	8	static
tm1637.c:857:6:tm1637_write_bytes	24	static
tm1637.c:880:6:tm1637_data_command_setting	16	static
tm1637.c:887:6:tm1637_address_command_setting	24	static
tm1637.c:906:6:tm1637_display_time	24	static
tm1637.c:921:6:tm1637_display_time_from_sec	24	static
tm1637.c:928:6:tm1637_display_control	16	static
